Archive member included because of file (symbol)

/usr/local/gcc-arm-none-eabi-4_9-2015q1/bin/../lib/gcc/arm-none-eabi/4.9.3/../../../../arm-none-eabi/lib/armv6-m/libc_nano.a(lib_a-exit.o)
                              /usr/local/gcc-arm-none-eabi-4_9-2015q1/bin/../lib/gcc/arm-none-eabi/4.9.3/../../../../arm-none-eabi/lib/armv6-m/crt0.o (exit)
/usr/local/gcc-arm-none-eabi-4_9-2015q1/bin/../lib/gcc/arm-none-eabi/4.9.3/../../../../arm-none-eabi/lib/armv6-m/libc_nano.a(lib_a-impure.o)
                              /usr/local/gcc-arm-none-eabi-4_9-2015q1/bin/../lib/gcc/arm-none-eabi/4.9.3/../../../../arm-none-eabi/lib/armv6-m/libc_nano.a(lib_a-exit.o) (_global_impure_ptr)
/usr/local/gcc-arm-none-eabi-4_9-2015q1/bin/../lib/gcc/arm-none-eabi/4.9.3/../../../../arm-none-eabi/lib/armv6-m/libc_nano.a(lib_a-init.o)
                              /usr/local/gcc-arm-none-eabi-4_9-2015q1/bin/../lib/gcc/arm-none-eabi/4.9.3/../../../../arm-none-eabi/lib/armv6-m/crt0.o (__libc_init_array)
/usr/local/gcc-arm-none-eabi-4_9-2015q1/bin/../lib/gcc/arm-none-eabi/4.9.3/../../../../arm-none-eabi/lib/armv6-m/libc_nano.a(lib_a-memset.o)
                              /usr/local/gcc-arm-none-eabi-4_9-2015q1/bin/../lib/gcc/arm-none-eabi/4.9.3/../../../../arm-none-eabi/lib/armv6-m/crt0.o (memset)
/usr/local/gcc-arm-none-eabi-4_9-2015q1/bin/../lib/gcc/arm-none-eabi/4.9.3/../../../../arm-none-eabi/lib/armv6-m/libnosys.a(_exit.o)
                              /usr/local/gcc-arm-none-eabi-4_9-2015q1/bin/../lib/gcc/arm-none-eabi/4.9.3/../../../../arm-none-eabi/lib/armv6-m/libc_nano.a(lib_a-exit.o) (_exit)
/usr/local/gcc-arm-none-eabi-4_9-2015q1/bin/../lib/gcc/arm-none-eabi/4.9.3/../../../../arm-none-eabi/lib/armv6-m/libc_nano.a(lib_a-memcpy.o)
                              _build/nrf51422_xxac_SEGGER_RTT.c.o (memcpy)
/usr/local/gcc-arm-none-eabi-4_9-2015q1/bin/../lib/gcc/arm-none-eabi/4.9.3/../../../../arm-none-eabi/lib/armv6-m/libc_nano.a(lib_a-strcpy.o)
                              _build/nrf51422_xxac_SEGGER_RTT.c.o (strcpy)
/usr/local/gcc-arm-none-eabi-4_9-2015q1/bin/../lib/gcc/arm-none-eabi/4.9.3/../../../../arm-none-eabi/lib/armv6-m/libc_nano.a(lib_a-strlen.o)
                              _build/nrf51422_xxac_SEGGER_RTT.c.o (strlen)

Allocating common symbols
Common symbol       size              file

_SEGGER_RTT         0x78              _build/nrf51422_xxac_SEGGER_RTT.c.o

Discarded input sections

 .text          0x0000000000000000        0x0 /usr/local/gcc-arm-none-eabi-4_9-2015q1/bin/../lib/gcc/arm-none-eabi/4.9.3/armv6-m/crti.o
 .data          0x0000000000000000        0x0 /usr/local/gcc-arm-none-eabi-4_9-2015q1/bin/../lib/gcc/arm-none-eabi/4.9.3/armv6-m/crti.o
 .bss           0x0000000000000000        0x0 /usr/local/gcc-arm-none-eabi-4_9-2015q1/bin/../lib/gcc/arm-none-eabi/4.9.3/armv6-m/crti.o
 .data          0x0000000000000000        0x4 /usr/local/gcc-arm-none-eabi-4_9-2015q1/bin/../lib/gcc/arm-none-eabi/4.9.3/armv6-m/crtbegin.o
 .data          0x0000000000000000        0x0 /usr/local/gcc-arm-none-eabi-4_9-2015q1/bin/../lib/gcc/arm-none-eabi/4.9.3/../../../../arm-none-eabi/lib/armv6-m/crt0.o
 .bss           0x0000000000000000        0x0 /usr/local/gcc-arm-none-eabi-4_9-2015q1/bin/../lib/gcc/arm-none-eabi/4.9.3/../../../../arm-none-eabi/lib/armv6-m/crt0.o
 .ARM.extab     0x0000000000000000        0x0 /usr/local/gcc-arm-none-eabi-4_9-2015q1/bin/../lib/gcc/arm-none-eabi/4.9.3/../../../../arm-none-eabi/lib/armv6-m/crt0.o
 .text          0x0000000000000000        0x0 /usr/local/gcc-arm-none-eabi-4_9-2015q1/bin/../lib/gcc/arm-none-eabi/4.9.3/../../../../arm-none-eabi/lib/armv6-m/libc_nano.a(lib_a-exit.o)
 .data          0x0000000000000000        0x0 /usr/local/gcc-arm-none-eabi-4_9-2015q1/bin/../lib/gcc/arm-none-eabi/4.9.3/../../../../arm-none-eabi/lib/armv6-m/libc_nano.a(lib_a-exit.o)
 .bss           0x0000000000000000        0x0 /usr/local/gcc-arm-none-eabi-4_9-2015q1/bin/../lib/gcc/arm-none-eabi/4.9.3/../../../../arm-none-eabi/lib/armv6-m/libc_nano.a(lib_a-exit.o)
 .text          0x0000000000000000        0x0 /usr/local/gcc-arm-none-eabi-4_9-2015q1/bin/../lib/gcc/arm-none-eabi/4.9.3/../../../../arm-none-eabi/lib/armv6-m/libc_nano.a(lib_a-impure.o)
 .data          0x0000000000000000        0x0 /usr/local/gcc-arm-none-eabi-4_9-2015q1/bin/../lib/gcc/arm-none-eabi/4.9.3/../../../../arm-none-eabi/lib/armv6-m/libc_nano.a(lib_a-impure.o)
 .bss           0x0000000000000000        0x0 /usr/local/gcc-arm-none-eabi-4_9-2015q1/bin/../lib/gcc/arm-none-eabi/4.9.3/../../../../arm-none-eabi/lib/armv6-m/libc_nano.a(lib_a-impure.o)
 .data._impure_ptr
                0x0000000000000000        0x4 /usr/local/gcc-arm-none-eabi-4_9-2015q1/bin/../lib/gcc/arm-none-eabi/4.9.3/../../../../arm-none-eabi/lib/armv6-m/libc_nano.a(lib_a-impure.o)
 .text          0x0000000000000000        0x0 /usr/local/gcc-arm-none-eabi-4_9-2015q1/bin/../lib/gcc/arm-none-eabi/4.9.3/../../../../arm-none-eabi/lib/armv6-m/libc_nano.a(lib_a-init.o)
[...]
Memory Configuration

Name             Origin             Length             Attributes
FLASH            0x0000000000000000 0x0000000000040000 xr
RAM              0x0000000020000000 0x0000000000004000 xrw
*default*        0x0000000000000000 0xffffffffffffffff

Linker script and memory map


.text           0x0000000000000000      0xbfc
 *(.isr_vector)
 .isr_vector    0x0000000000000000       0xc0 _build/nrf51422_xxac_gcc_startup_nrf51.S.o
                0x0000000000000000                __isr_vector
 *(.text*)
 .text          0x00000000000000c0       0x60 /usr/local/gcc-arm-none-eabi-4_9-2015q1/bin/../lib/gcc/arm-none-eabi/4.9.3/armv6-m/crtbegin.o
 .text          0x0000000000000120       0x78 /usr/local/gcc-arm-none-eabi-4_9-2015q1/bin/../lib/gcc/arm-none-eabi/4.9.3/../../../../arm-none-eabi/lib/armv6-m/crt0.o
                0x0000000000000120                _mainCRTStartup
                0x0000000000000120                _start
 .text.exit     0x0000000000000198       0x2c /usr/local/gcc-arm-none-eabi-4_9-2015q1/bin/../lib/gcc/arm-none-eabi/4.9.3/../../../../arm-none-eabi/lib/armv6-m/libc_nano.a(lib_a-exit.o)
                0x0000000000000198                exit
 .text.__libc_init_array
                0x00000000000001c4       0x4c /usr/local/gcc-arm-none-eabi-4_9-2015q1/bin/../lib/gcc/arm-none-eabi/4.9.3/../../../../arm-none-eabi/lib/armv6-m/libc_nano.a(lib_a-init.o)
                0x00000000000001c4                __libc_init_array
 .text.memset   0x0000000000000210       0x10 /usr/local/gcc-arm-none-eabi-4_9-2015q1/bin/../lib/gcc/arm-none-eabi/4.9.3/../../../../arm-none-eabi/lib/armv6-m/libc_nano.a(lib_a-memset.o)
                0x0000000000000210                memset
 .text._exit    0x0000000000000220        0x4 /usr/local/gcc-arm-none-eabi-4_9-2015q1/bin/../lib/gcc/arm-none-eabi/4.9.3/../../../../arm-none-eabi/lib/armv6-m/libnosys.a(_exit.o)
                0x0000000000000220                _exit
 .text.app_error_handler_bare
                0x0000000000000224       0x20 _build/nrf51422_xxac_app_error.c.o
                0x0000000000000224                app_error_handler_bare
 .text.app_error_fault_handler
                0x0000000000000244       0x1c _build/nrf51422_xxac_app_error_weak.c.o
                0x0000000000000244                app_error_fault_handler
 .text.rtc1_stop
                0x0000000000000260       0x84 _build/nrf51422_xxac_app_timer.c.o
 .text.RTC1_IRQHandler
                0x00000000000002e4       0xdc _build/nrf51422_xxac_app_timer.c.o
                0x00000000000002e4                RTC1_IRQHandler
 .text.SWI0_IRQHandler
                0x00000000000003c0      0x420 _build/nrf51422_xxac_app_timer.c.o
                0x00000000000003c0                SWI0_IRQHandler
 .text.bsp_board_led_invert
                0x00000000000007e0       0x34 _build/nrf51422_xxac_boards.c.o
                0x00000000000007e0                bsp_board_led_invert
 .text.bsp_board_leds_init
                0x0000000000000814       0x2c _build/nrf51422_xxac_boards.c.o
                0x0000000000000814                bsp_board_leds_init
 .text.POWER_CLOCK_IRQHandler
                0x0000000000000840       0x7c _build/nrf51422_xxac_nrf_drv_clock.c.o
                0x0000000000000840                POWER_CLOCK_IRQHandler
 .text.UART0_IRQHandler
                0x00000000000008bc      0x198 _build/nrf51422_xxac_nrf_drv_uart.c.o
                0x00000000000008bc                UART0_IRQHandler
 .text.startup.main
                0x0000000000000a54       0x48 _build/nrf51422_xxac_main.c.o
                0x0000000000000a54                main
 .text          0x0000000000000a9c       0x4c _build/nrf51422_xxac_gcc_startup_nrf51.S.o
                0x0000000000000a9c                Reset_Handler
                0x0000000000000adc                NMI_Handler
                0x0000000000000ade                HardFault_Handler
                0x0000000000000ae0                SVC_Handler
                0x0000000000000ae2                PendSV_Handler
                0x0000000000000ae4                SysTick_Handler
                0x0000000000000ae6                SWI4_IRQHandler
                0x0000000000000ae6                TEMP_IRQHandler
                0x0000000000000ae6                QDEC_IRQHandler
                0x0000000000000ae6                SWI5_IRQHandler
                0x0000000000000ae6                TIMER0_IRQHandler
                0x0000000000000ae6                TIMER1_IRQHandler
                0x0000000000000ae6                ECB_IRQHandler
                0x0000000000000ae6                Default_Handler
                0x0000000000000ae6                ADC_IRQHandler
                0x0000000000000ae6                SWI3_IRQHandler
                0x0000000000000ae6                CCM_AAR_IRQHandler
                0x0000000000000ae6                WDT_IRQHandler
                0x0000000000000ae6                SWI2_IRQHandler
                0x0000000000000ae6                RNG_IRQHandler
                0x0000000000000ae6                SPI1_TWI1_IRQHandler
                0x0000000000000ae6                TIMER2_IRQHandler
                0x0000000000000ae6                SWI1_IRQHandler
                0x0000000000000ae6                SPI0_TWI0_IRQHandler
                0x0000000000000ae6                RTC0_IRQHandler
                0x0000000000000ae6                GPIOTE_IRQHandler
                0x0000000000000ae6                RADIO_IRQHandler
                0x0000000000000ae6                LPCOMP_IRQHandler
 .text.SystemInit
                0x0000000000000ae8       0xec _build/nrf51422_xxac_system_nrf51.c.o
                0x0000000000000ae8                SystemInit
 *(.init)
 .init          0x0000000000000bd4        0x4 /usr/local/gcc-arm-none-eabi-4_9-2015q1/bin/../lib/gcc/arm-none-eabi/4.9.3/armv6-m/crti.o
                0x0000000000000bd4                _init
 .init          0x0000000000000bd8        0x8 /usr/local/gcc-arm-none-eabi-4_9-2015q1/bin/../lib/gcc/arm-none-eabi/4.9.3/armv6-m/crtn.o
 *(.fini)
 .fini          0x0000000000000be0        0x4 /usr/local/gcc-arm-none-eabi-4_9-2015q1/bin/../lib/gcc/arm-none-eabi/4.9.3/armv6-m/crti.o
                0x0000000000000be0                _fini
 .fini          0x0000000000000be4        0x8 /usr/local/gcc-arm-none-eabi-4_9-2015q1/bin/../lib/gcc/arm-none-eabi/4.9.3/armv6-m/crtn.o
 *crtbegin.o(.ctors)
 *crtbegin?.o(.ctors)
 *(EXCLUDE_FILE(*crtend.o *crtend?.o) .ctors)
 *(SORT(.ctors.*))
 *(.ctors)
 *crtbegin.o(.dtors)
 *crtbegin?.o(.dtors)
 *(EXCLUDE_FILE(*crtend.o *crtend?.o) .dtors)
 *(SORT(.dtors.*))
 *(.dtors)
 *(.rodata*)
 .rodata.str1.1
                0x0000000000000bec        0x2 /usr/local/gcc-arm-none-eabi-4_9-2015q1/bin/../lib/gcc/arm-none-eabi/4.9.3/../../../../arm-none-eabi/lib/armv6-m/libc_nano.a(lib_a-impure.o)
 *fill*         0x0000000000000bee        0x2 
 .rodata._global_impure_ptr
                0x0000000000000bf0        0x4 /usr/local/gcc-arm-none-eabi-4_9-2015q1/bin/../lib/gcc/arm-none-eabi/4.9.3/../../../../arm-none-eabi/lib/armv6-m/libc_nano.a(lib_a-impure.o)
                0x0000000000000bf0                _global_impure_ptr
 .rodata.m_board_led_list
                0x0000000000000bf4        0x4 _build/nrf51422_xxac_boards.c.o
 *(.eh_frame*)
 .eh_frame      0x0000000000000bf8        0x0 /usr/local/gcc-arm-none-eabi-4_9-2015q1/bin/../lib/gcc/arm-none-eabi/4.9.3/armv6-m/crtbegin.o
 .eh_frame      0x0000000000000bf8        0x4 /usr/local/gcc-arm-none-eabi-4_9-2015q1/bin/../lib/gcc/arm-none-eabi/4.9.3/armv6-m/crtend.o

.glue_7         0x0000000000000bfc        0x0
 .glue_7        0x0000000000000000        0x0 linker stubs

.glue_7t        0x0000000000000bfc        0x0
 .glue_7t       0x0000000000000000        0x0 linker stubs

.vfp11_veneer   0x0000000000000bfc        0x0
 .vfp11_veneer  0x0000000000000000        0x0 linker stubs

.v4_bx          0x0000000000000bfc        0x0
 .v4_bx         0x0000000000000000        0x0 linker stubs

.iplt           0x0000000000000bfc        0x0
 .iplt          0x0000000000000000        0x0 /usr/local/gcc-arm-none-eabi-4_9-2015q1/bin/../lib/gcc/arm-none-eabi/4.9.3/armv6-m/crtbegin.o

.ARM.extab
 *(.ARM.extab* .gnu.linkonce.armextab.*)
                0x0000000000000bfc                __exidx_start = .

.ARM.exidx      0x0000000000000bfc        0x8
 *(.ARM.exidx* .gnu.linkonce.armexidx.*)
 .ARM.exidx     0x0000000000000bfc        0x8 /usr/local/gcc-arm-none-eabi-4_9-2015q1/bin/../lib/gcc/arm-none-eabi/4.9.3/../../../../arm-none-eabi/lib/armv6-m/crt0.o
                0x0000000000000c04                __exidx_end = .
                0x0000000000000c04                __etext = .

.rel.dyn        0x0000000000000c04        0x0
 .rel.iplt      0x0000000000000000        0x0 /usr/local/gcc-arm-none-eabi-4_9-2015q1/bin/../lib/gcc/arm-none-eabi/4.9.3/armv6-m/crtbegin.o

.data           0x0000000020000000       0x70 load address 0x0000000000000c04
                0x0000000020000000                __data_start__ = .
 *(vtable)
 *(.data*)
 .data.impure_data
                0x0000000020000000       0x60 /usr/local/gcc-arm-none-eabi-4_9-2015q1/bin/../lib/gcc/arm-none-eabi/4.9.3/../../../../arm-none-eabi/lib/armv6-m/libc_nano.a(lib_a-impure.o)
 .data.SystemCoreClock
                0x0000000020000060        0x4 _build/nrf51422_xxac_system_nrf51.c.o
                0x0000000020000060                SystemCoreClock
                0x0000000020000064                . = ALIGN (0x4)
                0x0000000020000064                PROVIDE (__preinit_array_start, .)
 *(.preinit_array)
                0x0000000020000064                PROVIDE (__preinit_array_end, .)
                0x0000000020000064                . = ALIGN (0x4)
                0x0000000020000064                PROVIDE (__init_array_start, .)
 *(SORT(.init_array.*))
 *(.init_array)
 .init_array    0x0000000020000064        0x4 /usr/local/gcc-arm-none-eabi-4_9-2015q1/bin/../lib/gcc/arm-none-eabi/4.9.3/armv6-m/crtbegin.o
                0x0000000020000068                PROVIDE (__init_array_end, .)
                0x0000000020000068                . = ALIGN (0x4)
                0x0000000020000068                PROVIDE (__fini_array_start, .)
 *(SORT(.fini_array.*))
 *(.fini_array)
 .fini_array    0x0000000020000068        0x4 /usr/local/gcc-arm-none-eabi-4_9-2015q1/bin/../lib/gcc/arm-none-eabi/4.9.3/armv6-m/crtbegin.o
                0x000000002000006c                PROVIDE (__fini_array_end, .)
 *(.jcr*)
 .jcr           0x000000002000006c        0x0 /usr/local/gcc-arm-none-eabi-4_9-2015q1/bin/../lib/gcc/arm-none-eabi/4.9.3/armv6-m/crtbegin.o
 .jcr           0x000000002000006c        0x4 /usr/local/gcc-arm-none-eabi-4_9-2015q1/bin/../lib/gcc/arm-none-eabi/4.9.3/armv6-m/crtend.o
                0x0000000020000070                . = ALIGN (0x4)
                0x0000000020000070                __data_end__ = .
LOAD /usr/local/gcc-arm-none-eabi-4_9-2015q1/bin/../lib/gcc/arm-none-eabi/4.9.3/armv6-m/crti.o
LOAD /usr/local/gcc-arm-none-eabi-4_9-2015q1/bin/../lib/gcc/arm-none-eabi/4.9.3/armv6-m/crtbegin.o
LOAD /usr/local/gcc-arm-none-eabi-4_9-2015q1/bin/../lib/gcc/arm-none-eabi/4.9.3/../../../../arm-none-eabi/lib/armv6-m/crt0.o
LOAD /usr/local/gcc-arm-none-eabi-4_9-2015q1/bin/../lib/gcc/arm-none-eabi/4.9.3/../../../../arm-none-eabi/lib/armv6-m/libc_nano.a
LOAD /usr/local/gcc-arm-none-eabi-4_9-2015q1/bin/../lib/gcc/arm-none-eabi/4.9.3/../../../../arm-none-eabi/lib/armv6-m/libnosys.a
LOAD _build/nrf51422_xxac_nrf_log_backend_serial.c.o
LOAD _build/nrf51422_xxac_nrf_log_frontend.c.o
LOAD _build/nrf51422_xxac_app_error.c.o
LOAD _build/nrf51422_xxac_app_error_weak.c.o
LOAD _build/nrf51422_xxac_app_timer.c.o
LOAD _build/nrf51422_xxac_app_util_platform.c.o
LOAD _build/nrf51422_xxac_hardfault_implementation.c.o
LOAD _build/nrf51422_xxac_nrf_assert.c.o
LOAD _build/nrf51422_xxac_sdk_errors.c.o
LOAD _build/nrf51422_xxac_boards.c.o
LOAD _build/nrf51422_xxac_nrf_drv_clock.c.o
LOAD _build/nrf51422_xxac_nrf_drv_common.c.o
LOAD _build/nrf51422_xxac_nrf_drv_uart.c.o
LOAD _build/nrf51422_xxac_nrf_nvic.c.o
LOAD _build/nrf51422_xxac_nrf_soc.c.o
LOAD _build/nrf51422_xxac_main.c.o
LOAD _build/nrf51422_xxac_RTT_Syscalls_GCC.c.o
LOAD _build/nrf51422_xxac_SEGGER_RTT.c.o
LOAD _build/nrf51422_xxac_SEGGER_RTT_printf.c.o
LOAD _build/nrf51422_xxac_gcc_startup_nrf51.S.o
LOAD _build/nrf51422_xxac_system_nrf51.c.o
LOAD /usr/local/gcc-arm-none-eabi-4_9-2015q1/bin/../lib/gcc/arm-none-eabi/4.9.3/../../../../arm-none-eabi/lib/armv6-m/libm.a
START GROUP
LOAD /usr/local/gcc-arm-none-eabi-4_9-2015q1/bin/../lib/gcc/arm-none-eabi/4.9.3/armv6-m/libgcc.a
LOAD /usr/local/gcc-arm-none-eabi-4_9-2015q1/bin/../lib/gcc/arm-none-eabi/4.9.3/../../../../arm-none-eabi/lib/armv6-m/libc_nano.a
END GROUP
START GROUP
LOAD /usr/local/gcc-arm-none-eabi-4_9-2015q1/bin/../lib/gcc/arm-none-eabi/4.9.3/armv6-m/libgcc.a
LOAD /usr/local/gcc-arm-none-eabi-4_9-2015q1/bin/../lib/gcc/arm-none-eabi/4.9.3/../../../../arm-none-eabi/lib/armv6-m/libc_nano.a
END GROUP
LOAD /usr/local/gcc-arm-none-eabi-4_9-2015q1/bin/../lib/gcc/arm-none-eabi/4.9.3/armv6-m/crtend.o
LOAD /usr/local/gcc-arm-none-eabi-4_9-2015q1/bin/../lib/gcc/arm-none-eabi/4.9.3/armv6-m/crtn.o
START GROUP
LOAD /usr/local/gcc-arm-none-eabi-4_9-2015q1/bin/../lib/gcc/arm-none-eabi/4.9.3/armv6-m/libgcc.a
LOAD /usr/local/gcc-arm-none-eabi-4_9-2015q1/bin/../lib/gcc/arm-none-eabi/4.9.3/../../../../arm-none-eabi/lib/armv6-m/libc.a
LOAD /usr/local/gcc-arm-none-eabi-4_9-2015q1/bin/../lib/gcc/arm-none-eabi/4.9.3/../../../../arm-none-eabi/lib/armv6-m/libnosys.a
END GROUP

.igot.plt       0x0000000020000070        0x0 load address 0x0000000000000c74
 .igot.plt      0x0000000000000000        0x0 /usr/local/gcc-arm-none-eabi-4_9-2015q1/bin/../lib/gcc/arm-none-eabi/4.9.3/armv6-m/crtbegin.o

.fs_data        0x0000000020000070        0x0
                0x0000000020000070                PROVIDE (__start_fs_data, .)
 *(.fs_data)
                0x0000000020000070                PROVIDE (__stop_fs_data, .)

.pwr_mgmt_data  0x0000000020000070        0x0
                0x0000000020000070                PROVIDE (__start_pwr_mgmt_data, .)
 *(.pwr_mgmt_data)
                0x0000000020000070                PROVIDE (__stop_pwr_mgmt_data, .)

.bss            0x0000000020000070       0x70 load address 0x0000000000000c74
                0x0000000020000070                . = ALIGN (0x4)
                0x0000000020000070                __bss_start__ = .
 *(.bss*)
 .bss           0x0000000020000070       0x1c /usr/local/gcc-arm-none-eabi-4_9-2015q1/bin/../lib/gcc/arm-none-eabi/4.9.3/armv6-m/crtbegin.o
 .bss.m_ticks_latest
                0x000000002000008c        0x4 _build/nrf51422_xxac_app_timer.c.o
 .bss.mp_timer_id_head
                0x0000000020000090        0x4 _build/nrf51422_xxac_app_timer.c.o
 .bss.m_evt_schedule_func
                0x0000000020000094        0x4 _build/nrf51422_xxac_app_timer.c.o
 .bss.m_ticks_elapsed_q_read_ind
                0x0000000020000098        0x1 _build/nrf51422_xxac_app_timer.c.o
 .bss.m_ticks_elapsed_q_write_ind
                0x0000000020000099        0x1 _build/nrf51422_xxac_app_timer.c.o
 .bss.m_rtc1_reset
                0x000000002000009a        0x1 _build/nrf51422_xxac_app_timer.c.o
 *fill*         0x000000002000009b        0x1 
 .bss.m_op_queue
                0x000000002000009c        0x8 _build/nrf51422_xxac_app_timer.c.o
 .bss.m_ticks_elapsed
                0x00000000200000a4        0x8 _build/nrf51422_xxac_app_timer.c.o
 .bss.m_rtc1_running
                0x00000000200000ac        0x1 _build/nrf51422_xxac_app_timer.c.o
 *fill*         0x00000000200000ad        0x3 
 .bss.m_clock_cb
                0x00000000200000b0       0x14 _build/nrf51422_xxac_nrf_drv_clock.c.o
 .bss.m_cb      0x00000000200000c4       0x1c _build/nrf51422_xxac_nrf_drv_uart.c.o
 *(COMMON)
                0x00000000200000e0                . = ALIGN (0x4)
                0x00000000200000e0                __bss_end__ = .

.heap           0x00000000200000e0      0x800
                0x00000000200000e0                __HeapBase = .
                0x00000000200000e0                __end__ = .
                0x00000000200000e0                PROVIDE (end, .)
 *(.heap*)
 .heap          0x00000000200000e0      0x800 _build/nrf51422_xxac_gcc_startup_nrf51.S.o
                0x00000000200008e0                __HeapLimit = .

.stack_dummy    0x00000000200000e0      0x800
 *(.stack*)
 .stack         0x00000000200000e0      0x800 _build/nrf51422_xxac_gcc_startup_nrf51.S.o
                0x0000000020004000                __StackTop = (ORIGIN (RAM) + 0x4000)
                0x0000000020003800                __StackLimit = (__StackTop - SIZEOF (.stack_dummy))
                0x0000000020004000                PROVIDE (__stack, __StackTop)
                0x0000000000000001                ASSERT ((__StackLimit >= __HeapLimit), region RAM overflowed with stack)
OUTPUT(_build/nrf51422_xxac.out elf32-littlearm)

.ARM.attributes
                0x0000000000000000       0x28
 .ARM.attributes
                0x0000000000000000       0x1e /usr/local/gcc-arm-none-eabi-4_9-2015q1/bin/../lib/gcc/arm-none-eabi/4.9.3/armv6-m/crti.o
 .ARM.attributes
                0x000000000000001e       0x2c /usr/local/gcc-arm-none-eabi-4_9-2015q1/bin/../lib/gcc/arm-none-eabi/4.9.3/armv6-m/crtbegin.o
 .ARM.attributes
                0x000000000000004a       0x1b /usr/local/gcc-arm-none-eabi-4_9-2015q1/bin/../lib/gcc/arm-none-eabi/4.9.3/../../../../arm-none-eabi/lib/armv6-m/crt0.o
 .ARM.attributes
                0x0000000000000065       0x2c /usr/local/gcc-arm-none-eabi-4_9-2015q1/bin/../lib/gcc/arm-none-eabi/4.9.3/../../../../arm-none-eabi/lib/armv6-m/libc_nano.a(lib_a-exit.o)
 .ARM.attributes
                0x0000000000000091       0x2c /usr/local/gcc-arm-none-eabi-4_9-2015q1/bin/../lib/gcc/arm-none-eabi/4.9.3/../../../../arm-none-eabi/lib/armv6-m/libc_nano.a(lib_a-impure.o)
 .ARM.attributes
                0x00000000000000bd       0x2c /usr/local/gcc-arm-none-eabi-4_9-2015q1/bin/../lib/gcc/arm-none-eabi/4.9.3/../../../../arm-none-eabi/lib/armv6-m/libc_nano.a(lib_a-init.o)
 .ARM.attributes
                0x00000000000000e9       0x2c /usr/local/gcc-arm-none-eabi-4_9-2015q1/bin/../lib/gcc/arm-none-eabi/4.9.3/../../../../arm-none-eabi/lib/armv6-m/libc_nano.a(lib_a-memset.o)
 .ARM.attributes
                0x0000000000000115       0x2c /usr/local/gcc-arm-none-eabi-4_9-2015q1/bin/../lib/gcc/arm-none-eabi/4.9.3/../../../../arm-none-eabi/lib/armv6-m/libnosys.a(_exit.o)
 .ARM.attributes
                0x0000000000000141       0x31 _build/nrf51422_xxac_app_error.c.o
 .ARM.attributes
                0x0000000000000172       0x31 _build/nrf51422_xxac_app_error_weak.c.o
 .ARM.attributes
                0x00000000000001a3       0x31 _build/nrf51422_xxac_app_timer.c.o
 .ARM.attributes
                0x00000000000001d4       0x31 _build/nrf51422_xxac_boards.c.o
 .ARM.attributes
                0x0000000000000205       0x31 _build/nrf51422_xxac_nrf_drv_clock.c.o
 .ARM.attributes
                0x0000000000000236       0x31 _build/nrf51422_xxac_nrf_drv_uart.c.o
 .ARM.attributes
                0x0000000000000267       0x31 _build/nrf51422_xxac_main.c.o
 .ARM.attributes
                0x0000000000000298       0x1b _build/nrf51422_xxac_gcc_startup_nrf51.S.o
 .ARM.attributes
                0x00000000000002b3       0x31 _build/nrf51422_xxac_system_nrf51.c.o
 .ARM.attributes
                0x00000000000002e4       0x2c /usr/local/gcc-arm-none-eabi-4_9-2015q1/bin/../lib/gcc/arm-none-eabi/4.9.3/armv6-m/crtend.o
 .ARM.attributes
                0x0000000000000310       0x1e /usr/local/gcc-arm-none-eabi-4_9-2015q1/bin/../lib/gcc/arm-none-eabi/4.9.3/armv6-m/crtn.o

.comment        0x0000000000000000       0x70
 .comment       0x0000000000000000       0x70 _build/nrf51422_xxac_app_error.c.o
                                         0x71 (size before relaxing)
 .comment       0x0000000000000000       0x71 _build/nrf51422_xxac_app_error_weak.c.o
 .comment       0x0000000000000000       0x71 _build/nrf51422_xxac_app_timer.c.o
 .comment       0x0000000000000000       0x71 _build/nrf51422_xxac_boards.c.o
 .comment       0x0000000000000000       0x71 _build/nrf51422_xxac_nrf_drv_clock.c.o
 .comment       0x0000000000000000       0x71 _build/nrf51422_xxac_nrf_drv_uart.c.o
 .comment       0x0000000000000000       0x71 _build/nrf51422_xxac_main.c.o
 .comment       0x0000000000000000       0x71 _build/nrf51422_xxac_system_nrf51.c.o

.debug_frame    0x0000000000000000      0x5f8
 .debug_frame   0x0000000000000000       0x28 /usr/local/gcc-arm-none-eabi-4_9-2015q1/bin/../lib/gcc/arm-none-eabi/4.9.3/../../../../arm-none-eabi/lib/armv6-m/libc_nano.a(lib_a-exit.o)
 .debug_frame   0x0000000000000028       0x2c /usr/local/gcc-arm-none-eabi-4_9-2015q1/bin/../lib/gcc/arm-none-eabi/4.9.3/../../../../arm-none-eabi/lib/armv6-m/libc_nano.a(lib_a-init.o)
 .debug_frame   0x0000000000000054       0x20 /usr/local/gcc-arm-none-eabi-4_9-2015q1/bin/../lib/gcc/arm-none-eabi/4.9.3/../../../../arm-none-eabi/lib/armv6-m/libc_nano.a(lib_a-memset.o)
 .debug_frame   0x0000000000000074       0x20 /usr/local/gcc-arm-none-eabi-4_9-2015q1/bin/../lib/gcc/arm-none-eabi/4.9.3/../../../../arm-none-eabi/lib/armv6-m/libnosys.a(_exit.o)
 .debug_frame   0x0000000000000094       0x5c _build/nrf51422_xxac_app_error.c.o
 .debug_frame   0x00000000000000f0       0x20 _build/nrf51422_xxac_app_error_weak.c.o
 .debug_frame   0x0000000000000110      0x130 _build/nrf51422_xxac_app_timer.c.o
 .debug_frame   0x0000000000000240       0xe8 _build/nrf51422_xxac_boards.c.o
 .debug_frame   0x0000000000000328      0x120 _build/nrf51422_xxac_nrf_drv_clock.c.o
 .debug_frame   0x0000000000000448      0x150 _build/nrf51422_xxac_nrf_drv_uart.c.o
 .debug_frame   0x0000000000000598       0x30 _build/nrf51422_xxac_main.c.o
 .debug_frame   0x00000000000005c8       0x30 _build/nrf51422_xxac_system_nrf51.c.o

.debug_info     0x0000000000000000     0x68a0
 .debug_info    0x0000000000000000      0x334 _build/nrf51422_xxac_app_error.c.o
 .debug_info    0x0000000000000334      0x1f3 _build/nrf51422_xxac_app_error_weak.c.o
 .debug_info    0x0000000000000527     0x19d6 _build/nrf51422_xxac_app_timer.c.o
 .debug_info    0x0000000000001efd      0xbba _build/nrf51422_xxac_boards.c.o
 .debug_info    0x0000000000002ab7     0x1030 _build/nrf51422_xxac_nrf_drv_clock.c.o
 .debug_info    0x0000000000003ae7     0x2a54 _build/nrf51422_xxac_nrf_drv_uart.c.o
 .debug_info    0x000000000000653b      0x188 _build/nrf51422_xxac_main.c.o
 .debug_info    0x00000000000066c3      0x1dd _build/nrf51422_xxac_system_nrf51.c.o

.debug_abbrev   0x0000000000000000     0x1352
 .debug_abbrev  0x0000000000000000      0x130 _build/nrf51422_xxac_app_error.c.o
 .debug_abbrev  0x0000000000000130      0x108 _build/nrf51422_xxac_app_error_weak.c.o
 .debug_abbrev  0x0000000000000238      0x436 _build/nrf51422_xxac_app_timer.c.o
 .debug_abbrev  0x000000000000066e      0x263 _build/nrf51422_xxac_boards.c.o
 .debug_abbrev  0x00000000000008d1      0x437 _build/nrf51422_xxac_nrf_drv_clock.c.o
 .debug_abbrev  0x0000000000000d08      0x40a _build/nrf51422_xxac_nrf_drv_uart.c.o
 .debug_abbrev  0x0000000000001112      0x142 _build/nrf51422_xxac_main.c.o
 .debug_abbrev  0x0000000000001254       0xfe _build/nrf51422_xxac_system_nrf51.c.o

.debug_loc      0x0000000000000000     0x3098
 .debug_loc     0x0000000000000000      0x149 _build/nrf51422_xxac_app_error.c.o
 .debug_loc     0x0000000000000149       0x21 _build/nrf51422_xxac_app_error_weak.c.o
 .debug_loc     0x000000000000016a      0xdff _build/nrf51422_xxac_app_timer.c.o
 .debug_loc     0x0000000000000f69      0x65f _build/nrf51422_xxac_boards.c.o
 .debug_loc     0x00000000000015c8      0x267 _build/nrf51422_xxac_nrf_drv_clock.c.o
 .debug_loc     0x000000000000182f     0x1832 _build/nrf51422_xxac_nrf_drv_uart.c.o
 .debug_loc     0x0000000000003061       0x37 _build/nrf51422_xxac_main.c.o

.debug_aranges  0x0000000000000000      0x270
 .debug_aranges
                0x0000000000000000       0x30 _build/nrf51422_xxac_app_error.c.o
 .debug_aranges
                0x0000000000000030       0x20 _build/nrf51422_xxac_app_error_weak.c.o
 .debug_aranges
                0x0000000000000050       0x68 _build/nrf51422_xxac_app_timer.c.o
 .debug_aranges
                0x00000000000000b8       0x80 _build/nrf51422_xxac_boards.c.o
 .debug_aranges
                0x0000000000000138       0x80 _build/nrf51422_xxac_nrf_drv_clock.c.o
 .debug_aranges
                0x00000000000001b8       0x70 _build/nrf51422_xxac_nrf_drv_uart.c.o
 .debug_aranges
                0x0000000000000228       0x20 _build/nrf51422_xxac_main.c.o
 .debug_aranges
                0x0000000000000248       0x28 _build/nrf51422_xxac_system_nrf51.c.o

.debug_ranges   0x0000000000000000      0xe80
 .debug_ranges  0x0000000000000000       0x20 _build/nrf51422_xxac_app_error.c.o
 .debug_ranges  0x0000000000000020       0x10 _build/nrf51422_xxac_app_error_weak.c.o
 .debug_ranges  0x0000000000000030      0x4f8 _build/nrf51422_xxac_app_timer.c.o
 .debug_ranges  0x0000000000000528      0x130 _build/nrf51422_xxac_boards.c.o
 .debug_ranges  0x0000000000000658      0x278 _build/nrf51422_xxac_nrf_drv_clock.c.o
 .debug_ranges  0x00000000000008d0      0x510 _build/nrf51422_xxac_nrf_drv_uart.c.o
 .debug_ranges  0x0000000000000de0       0x28 _build/nrf51422_xxac_main.c.o
 .debug_ranges  0x0000000000000e08       0x78 _build/nrf51422_xxac_system_nrf51.c.o

.debug_macro    0x0000000000000000     0x2274
 .debug_macro   0x0000000000000000      0x25e _build/nrf51422_xxac_app_error.c.o
 .debug_macro   0x000000000000025e       0x34 _build/nrf51422_xxac_app_error.c.o
 .debug_macro   0x0000000000000292       0x22 _build/nrf51422_xxac_app_error.c.o
 .debug_macro   0x00000000000002b4       0x16 _build/nrf51422_xxac_app_error.c.o
 .debug_macro   0x00000000000002ca       0x97 _build/nrf51422_xxac_app_error.c.o
 .debug_macro   0x0000000000000361       0xef _build/nrf51422_xxac_app_error.c.o
 .debug_macro   0x0000000000000450       0x10 _build/nrf51422_xxac_app_error.c.o
 .debug_macro   0x0000000000000460       0x10 _build/nrf51422_xxac_app_error.c.o
 .debug_macro   0x0000000000000470       0x22 _build/nrf51422_xxac_app_error.c.o
 .debug_macro   0x0000000000000492       0xbd _build/nrf51422_xxac_app_error.c.o
 .debug_macro   0x000000000000054f       0x16 _build/nrf51422_xxac_app_error.c.o
 .debug_macro   0x0000000000000565      0x165 _build/nrf51422_xxac_app_error.c.o
 .debug_macro   0x00000000000006ca       0x2b _build/nrf51422_xxac_app_error.c.o
 .debug_macro   0x00000000000006f5       0x22 _build/nrf51422_xxac_app_error.c.o
 .debug_macro   0x0000000000000717       0x16 _build/nrf51422_xxac_app_error.c.o
 .debug_macro   0x000000000000072d      0x39a _build/nrf51422_xxac_app_error.c.o
 .debug_macro   0x0000000000000ac7      0x16c _build/nrf51422_xxac_app_error.c.o
 .debug_macro   0x0000000000000c33       0x59 _build/nrf51422_xxac_app_error.c.o
 .debug_macro   0x0000000000000c8c       0x28 _build/nrf51422_xxac_app_error.c.o
 .debug_macro   0x0000000000000cb4       0x22 _build/nrf51422_xxac_app_error.c.o
 .debug_macro   0x0000000000000cd6      0x25e _build/nrf51422_xxac_app_error_weak.c.o
 .debug_macro   0x0000000000000f34       0x1c _build/nrf51422_xxac_app_error_weak.c.o
 .debug_macro   0x0000000000000f50      0x2ca _build/nrf51422_xxac_app_timer.c.o
 .debug_macro   0x000000000000121a       0x1c _build/nrf51422_xxac_app_timer.c.o
 .debug_macro   0x0000000000001236       0x35 _build/nrf51422_xxac_app_timer.c.o
 .debug_macro   0x000000000000126b       0x16 _build/nrf51422_xxac_app_timer.c.o
 .debug_macro   0x0000000000001281       0x22 _build/nrf51422_xxac_app_timer.c.o
 .debug_macro   0x00000000000012a3       0x10 _build/nrf51422_xxac_app_timer.c.o
 .debug_macro   0x00000000000012b3       0x10 _build/nrf51422_xxac_app_timer.c.o
 .debug_macro   0x00000000000012c3       0x6f _build/nrf51422_xxac_app_timer.c.o
 .debug_macro   0x0000000000001332      0x255 _build/nrf51422_xxac_boards.c.o
 .debug_macro   0x0000000000001587      0x168 _build/nrf51422_xxac_boards.c.o
 .debug_macro   0x00000000000016ef       0x16 _build/nrf51422_xxac_boards.c.o
 .debug_macro   0x0000000000001705       0x9a _build/nrf51422_xxac_boards.c.o
 .debug_macro   0x000000000000179f      0x115 _build/nrf51422_xxac_boards.c.o
 .debug_macro   0x00000000000018b4      0x2e5 _build/nrf51422_xxac_nrf_drv_clock.c.o
 .debug_macro   0x0000000000001b99       0x10 _build/nrf51422_xxac_nrf_drv_clock.c.o
 .debug_macro   0x0000000000001ba9       0x28 _build/nrf51422_xxac_nrf_drv_clock.c.o
 .debug_macro   0x0000000000001bd1       0x16 _build/nrf51422_xxac_nrf_drv_clock.c.o
 .debug_macro   0x0000000000001be7      0x322 _build/nrf51422_xxac_nrf_drv_uart.c.o
 .debug_macro   0x0000000000001f09       0x10 _build/nrf51422_xxac_nrf_drv_uart.c.o
 .debug_macro   0x0000000000001f19       0x35 _build/nrf51422_xxac_nrf_drv_uart.c.o
 .debug_macro   0x0000000000001f4e      0x25f _build/nrf51422_xxac_main.c.o
 .debug_macro   0x00000000000021ad       0xc7 _build/nrf51422_xxac_system_nrf51.c.o

.debug_line     0x0000000000000000     0x39c4
 .debug_line    0x0000000000000000      0x59b _build/nrf51422_xxac_app_error.c.o
 .debug_line    0x000000000000059b      0x55e _build/nrf51422_xxac_app_error_weak.c.o
 .debug_line    0x0000000000000af9      0xa26 _build/nrf51422_xxac_app_timer.c.o
 .debug_line    0x000000000000151f      0x6d7 _build/nrf51422_xxac_boards.c.o
 .debug_line    0x0000000000001bf6      0x8bd _build/nrf51422_xxac_nrf_drv_clock.c.o
 .debug_line    0x00000000000024b3      0xc7a _build/nrf51422_xxac_nrf_drv_uart.c.o
 .debug_line    0x000000000000312d      0x584 _build/nrf51422_xxac_main.c.o
 .debug_line    0x00000000000036b1      0x313 _build/nrf51422_xxac_system_nrf51.c.o

.debug_str      0x0000000000000000    0x36f65
 .debug_str     0x0000000000000000    0x32f0d _build/nrf51422_xxac_app_error.c.o
                                      0x33196 (size before relaxing)
 .debug_str     0x0000000000032f0d       0xae _build/nrf51422_xxac_app_error_weak.c.o
                                      0x330e3 (size before relaxing)
 .debug_str     0x0000000000032fbb     0x11f3 _build/nrf51422_xxac_app_timer.c.o
                                      0x32aff (size before relaxing)
 .debug_str     0x00000000000341ae     0x1255 _build/nrf51422_xxac_boards.c.o
                                      0x2f791 (size before relaxing)
 .debug_str     0x0000000000035403      0xad2 _build/nrf51422_xxac_nrf_drv_clock.c.o
                                      0x33ff4 (size before relaxing)
 .debug_str     0x0000000000035ed5      0xf41 _build/nrf51422_xxac_nrf_drv_uart.c.o
                                      0x34d7c (size before relaxing)
 .debug_str     0x0000000000036e16       0x2f _build/nrf51422_xxac_main.c.o
                                      0x2f2f1 (size before relaxing)
 .debug_str     0x0000000000036e45      0x120 _build/nrf51422_xxac_system_nrf51.c.o
                                      0x29b34 (size before relaxing)
