Archive member included because of file (symbol)

/usr/local/gcc-arm-none-eabi-4_9-2015q1/bin/../lib/gcc/arm-none-eabi/4.9.3/../../../../arm-none-eabi/lib/armv6-m/libc_nano.a(lib_a-exit.o)
                              /usr/local/gcc-arm-none-eabi-4_9-2015q1/bin/../lib/gcc/arm-none-eabi/4.9.3/../../../../arm-none-eabi/lib/armv6-m/crt0.o (exit)
/usr/local/gcc-arm-none-eabi-4_9-2015q1/bin/../lib/gcc/arm-none-eabi/4.9.3/../../../../arm-none-eabi/lib/armv6-m/libc_nano.a(lib_a-impure.o)
                              /usr/local/gcc-arm-none-eabi-4_9-2015q1/bin/../lib/gcc/arm-none-eabi/4.9.3/../../../../arm-none-eabi/lib/armv6-m/libc_nano.a(lib_a-exit.o) (_global_impure_ptr)
/usr/local/gcc-arm-none-eabi-4_9-2015q1/bin/../lib/gcc/arm-none-eabi/4.9.3/../../../../arm-none-eabi/lib/armv6-m/libc_nano.a(lib_a-init.o)
                              /usr/local/gcc-arm-none-eabi-4_9-2015q1/bin/../lib/gcc/arm-none-eabi/4.9.3/../../../../arm-none-eabi/lib/armv6-m/crt0.o (__libc_init_array)
/usr/local/gcc-arm-none-eabi-4_9-2015q1/bin/../lib/gcc/arm-none-eabi/4.9.3/../../../../arm-none-eabi/lib/armv6-m/libc_nano.a(lib_a-memset.o)
                              /usr/local/gcc-arm-none-eabi-4_9-2015q1/bin/../lib/gcc/arm-none-eabi/4.9.3/../../../../arm-none-eabi/lib/armv6-m/crt0.o (memset)
/usr/local/gcc-arm-none-eabi-4_9-2015q1/bin/../lib/gcc/arm-none-eabi/4.9.3/../../../../arm-none-eabi/lib/armv6-m/libnosys.a(_exit.o)
                              /usr/local/gcc-arm-none-eabi-4_9-2015q1/bin/../lib/gcc/arm-none-eabi/4.9.3/../../../../arm-none-eabi/lib/armv6-m/libc_nano.a(lib_a-exit.o) (_exit)
/usr/local/gcc-arm-none-eabi-4_9-2015q1/bin/../lib/gcc/arm-none-eabi/4.9.3/armv6-m/libgcc.a(_udivsi3.o)
                              _build/nrf51422_xxac_bsp.c.o (__aeabi_uidiv)
/usr/local/gcc-arm-none-eabi-4_9-2015q1/bin/../lib/gcc/arm-none-eabi/4.9.3/armv6-m/libgcc.a(_dvmd_tls.o)
                              /usr/local/gcc-arm-none-eabi-4_9-2015q1/bin/../lib/gcc/arm-none-eabi/4.9.3/armv6-m/libgcc.a(_udivsi3.o) (__aeabi_idiv0)
/usr/local/gcc-arm-none-eabi-4_9-2015q1/bin/../lib/gcc/arm-none-eabi/4.9.3/../../../../arm-none-eabi/lib/armv6-m/libc_nano.a(lib_a-memcpy.o)
                              _build/nrf51422_xxac_main.c.o (memcpy)
/usr/local/gcc-arm-none-eabi-4_9-2015q1/bin/../lib/gcc/arm-none-eabi/4.9.3/../../../../arm-none-eabi/lib/armv6-m/libc_nano.a(lib_a-strcpy.o)
                              _build/nrf51422_xxac_SEGGER_RTT.c.o (strcpy)
/usr/local/gcc-arm-none-eabi-4_9-2015q1/bin/../lib/gcc/arm-none-eabi/4.9.3/../../../../arm-none-eabi/lib/armv6-m/libc_nano.a(lib_a-strlen.o)
                              _build/nrf51422_xxac_SEGGER_RTT.c.o (strlen)

Allocating common symbols
Common symbol       size              file

nrf_nvic_state      0x8               _build/nrf51422_xxac_app_util_platform.c.o
_SEGGER_RTT         0x78              _build/nrf51422_xxac_SEGGER_RTT.c.o

Discarded input sections

 .text          0x0000000000000000        0x0 /usr/local/gcc-arm-none-eabi-4_9-2015q1/bin/../lib/gcc/arm-none-eabi/4.9.3/armv6-m/crti.o
 .data          0x0000000000000000        0x0 /usr/local/gcc-arm-none-eabi-4_9-2015q1/bin/../lib/gcc/arm-none-eabi/4.9.3/armv6-m/crti.o
 .bss           0x0000000000000000        0x0 /usr/local/gcc-arm-none-eabi-4_9-2015q1/bin/../lib/gcc/arm-none-eabi/4.9.3/armv6-m/crti.o
 .data          0x0000000000000000        0x4 /usr/local/gcc-arm-none-eabi-4_9-2015q1/bin/../lib/gcc/arm-none-eabi/4.9.3/armv6-m/crtbegin.o
 .data          0x0000000000000000        0x0 /usr/local/gcc-arm-none-eabi-4_9-2015q1/bin/../lib/gcc/arm-none-eabi/4.9.3/../../../../arm-none-eabi/lib/armv6-m/crt0.o
 .bss           0x0000000000000000        0x0 /usr/local/gcc-arm-none-eabi-4_9-2015q1/bin/../lib/gcc/arm-none-eabi/4.9.3/../../../../arm-none-eabi/lib/armv6-m/crt0.o
 .ARM.extab     0x0000000000000000        0x0 /usr/local/gcc-arm-none-eabi-4_9-2015q1/bin/../lib/gcc/arm-none-eabi/4.9.3/../../../../arm-none-eabi/lib/armv6-m/crt0.o
 .text          0x0000000000000000        0x0 /usr/local/gcc-arm-none-eabi-4_9-2015q1/bin/../lib/gcc/arm-none-eabi/4.9.3/../../../../arm-none-eabi/lib/armv6-m/libc_nano.a(lib_a-exit.o)
 .data          0x0000000000000000        0x0 /usr/local/gcc-arm-none-eabi-4_9-2015q1/bin/../lib/gcc/arm-none-eabi/4.9.3/../../../../arm-none-eabi/lib/armv6-m/libc_nano.a(lib_a-exit.o)
 .bss           0x0000000000000000        0x0 /usr/local/gcc-arm-none-eabi-4_9-2015q1/bin/../lib/gcc/arm-none-eabi/4.9.3/../../../../arm-none-eabi/lib/armv6-m/libc_nano.a(lib_a-exit.o)
 .text          0x0000000000000000        0x0 /usr/local/gcc-arm-none-eabi-4_9-2015q1/bin/../lib/gcc/arm-none-eabi/4.9.3/../../../../arm-none-eabi/lib/armv6-m/libc_nano.a(lib_a-impure.o)
 .data          0x0000000000000000        0x0 /usr/local/gcc-arm-none-eabi-4_9-2015q1/bin/../lib/gcc/arm-none-eabi/4.9.3/../../../../arm-none-eabi/lib/armv6-m/libc_nano.a(lib_a-impure.o)
[...]
Memory Configuration

Name             Origin             Length             Attributes
FLASH            0x000000000001b000 0x0000000000025000 xr
RAM              0x0000000020001870 0x0000000000002790 xrw
*default*        0x0000000000000000 0xffffffffffffffff

Linker script and memory map


.text           0x000000000001b000     0x2aa8
 *(.isr_vector)
 .isr_vector    0x000000000001b000       0xc0 _build/nrf51422_xxac_gcc_startup_nrf51.S.o
                0x000000000001b000                __isr_vector
 *(.text*)
 .text          0x000000000001b0c0       0x60 /usr/local/gcc-arm-none-eabi-4_9-2015q1/bin/../lib/gcc/arm-none-eabi/4.9.3/armv6-m/crtbegin.o
 .text          0x000000000001b120       0x78 /usr/local/gcc-arm-none-eabi-4_9-2015q1/bin/../lib/gcc/arm-none-eabi/4.9.3/../../../../arm-none-eabi/lib/armv6-m/crt0.o
                0x000000000001b120                _mainCRTStartup
                0x000000000001b120                _start
 .text.exit     0x000000000001b198       0x2c /usr/local/gcc-arm-none-eabi-4_9-2015q1/bin/../lib/gcc/arm-none-eabi/4.9.3/../../../../arm-none-eabi/lib/armv6-m/libc_nano.a(lib_a-exit.o)
                0x000000000001b198                exit
 .text.__libc_init_array
                0x000000000001b1c4       0x4c /usr/local/gcc-arm-none-eabi-4_9-2015q1/bin/../lib/gcc/arm-none-eabi/4.9.3/../../../../arm-none-eabi/lib/armv6-m/libc_nano.a(lib_a-init.o)
                0x000000000001b1c4                __libc_init_array
 .text.memset   0x000000000001b210       0x10 /usr/local/gcc-arm-none-eabi-4_9-2015q1/bin/../lib/gcc/arm-none-eabi/4.9.3/../../../../arm-none-eabi/lib/armv6-m/libc_nano.a(lib_a-memset.o)
                0x000000000001b210                memset
 .text._exit    0x000000000001b220        0x4 /usr/local/gcc-arm-none-eabi-4_9-2015q1/bin/../lib/gcc/arm-none-eabi/4.9.3/../../../../arm-none-eabi/lib/armv6-m/libnosys.a(_exit.o)
                0x000000000001b220                _exit
 .text.detection_delay_timeout_handler
                0x000000000001b224       0xa8 _build/nrf51422_xxac_app_button.c.o
 .text.gpiote_event_handler
                0x000000000001b2cc       0x5c _build/nrf51422_xxac_app_button.c.o
 .text.app_button_init
                0x000000000001b328       0xb4 _build/nrf51422_xxac_app_button.c.o
                0x000000000001b328                app_button_init
 .text.app_button_enable
                0x000000000001b3dc       0x30 _build/nrf51422_xxac_app_button.c.o
                0x000000000001b3dc                app_button_enable
 .text.app_error_handler_bare
                0x000000000001b40c       0x20 _build/nrf51422_xxac_app_error.c.o
                0x000000000001b40c                app_error_handler_bare
 .text.app_error_fault_handler
                0x000000000001b42c       0x1c _build/nrf51422_xxac_app_error_weak.c.o
                0x000000000001b42c                app_error_fault_handler
 .text.rtc1_stop
                0x000000000001b448       0x84 _build/nrf51422_xxac_app_timer.c.o
 .text.RTC1_IRQHandler
                0x000000000001b4cc       0xdc _build/nrf51422_xxac_app_timer.c.o
                0x000000000001b4cc                RTC1_IRQHandler
 .text.SWI0_IRQHandler
                0x000000000001b5a8      0x420 _build/nrf51422_xxac_app_timer.c.o
                0x000000000001b5a8                SWI0_IRQHandler
 .text.app_timer_init
                0x000000000001b9c8       0xb0 _build/nrf51422_xxac_app_timer.c.o
                0x000000000001b9c8                app_timer_init
 .text.app_timer_create
                0x000000000001ba78       0x34 _build/nrf51422_xxac_app_timer.c.o
                0x000000000001ba78                app_timer_create
 .text.app_timer_start
                0x000000000001baac       0xc4 _build/nrf51422_xxac_app_timer.c.o
                0x000000000001baac                app_timer_start
 .text.app_timer_stop
                0x000000000001bb70       0x8c _build/nrf51422_xxac_app_timer.c.o
                0x000000000001bb70                app_timer_stop
 .text.app_util_critical_region_enter
                0x000000000001bbfc       0x40 _build/nrf51422_xxac_app_util_platform.c.o
                0x000000000001bbfc                app_util_critical_region_enter
 .text.app_util_critical_region_exit
                0x000000000001bc3c       0x2c _build/nrf51422_xxac_app_util_platform.c.o
                0x000000000001bc3c                app_util_critical_region_exit
 .text.bsp_board_led_state_get
                0x000000000001bc68       0x1c _build/nrf51422_xxac_boards.c.o
                0x000000000001bc68                bsp_board_led_state_get
 .text.bsp_board_led_on
                0x000000000001bc84       0x1c _build/nrf51422_xxac_boards.c.o
                0x000000000001bc84                bsp_board_led_on
 .text.bsp_board_led_off
                0x000000000001bca0       0x18 _build/nrf51422_xxac_boards.c.o
                0x000000000001bca0                bsp_board_led_off
 .text.bsp_board_leds_off
                0x000000000001bcb8       0x18 _build/nrf51422_xxac_boards.c.o
                0x000000000001bcb8                bsp_board_leds_off
 .text.bsp_board_leds_on
                0x000000000001bcd0       0x18 _build/nrf51422_xxac_boards.c.o
                0x000000000001bcd0                bsp_board_leds_on
 .text.bsp_board_led_invert
                0x000000000001bce8       0x34 _build/nrf51422_xxac_boards.c.o
                0x000000000001bce8                bsp_board_led_invert
 .text.bsp_board_leds_init
                0x000000000001bd1c       0x2c _build/nrf51422_xxac_boards.c.o
                0x000000000001bd1c                bsp_board_leds_init
 .text.bsp_board_pin_to_button_idx
                0x000000000001bd48       0x18 _build/nrf51422_xxac_boards.c.o
                0x000000000001bd48                bsp_board_pin_to_button_idx
 .text.POWER_CLOCK_IRQHandler
                0x000000000001bd60       0x7c _build/nrf51422_xxac_nrf_drv_clock.c.o
                0x000000000001bd60                POWER_CLOCK_IRQHandler
 .text.nrf_drv_clock_on_soc_event
                0x000000000001bddc       0x28 _build/nrf51422_xxac_nrf_drv_clock.c.o
                0x000000000001bddc                nrf_drv_clock_on_soc_event
 .text.nrf_drv_clock_on_sd_enable
                0x000000000001be04       0x68 _build/nrf51422_xxac_nrf_drv_clock.c.o
                0x000000000001be04                nrf_drv_clock_on_sd_enable
 .text.nrf_drv_common_irq_enable
                0x000000000001be6c       0x80 _build/nrf51422_xxac_nrf_drv_common.c.o
                0x000000000001be6c                nrf_drv_common_irq_enable
 .text.nrf_drv_gpiote_init
                0x000000000001beec       0x74 _build/nrf51422_xxac_nrf_drv_gpiote.c.o
                0x000000000001beec                nrf_drv_gpiote_init
 .text.nrf_drv_gpiote_is_init
                0x000000000001bf60       0x14 _build/nrf51422_xxac_nrf_drv_gpiote.c.o
                0x000000000001bf60                nrf_drv_gpiote_is_init
 .text.nrf_drv_gpiote_in_init
                0x000000000001bf74      0x15c _build/nrf51422_xxac_nrf_drv_gpiote.c.o
                0x000000000001bf74                nrf_drv_gpiote_in_init
 .text.nrf_drv_gpiote_in_event_enable
                0x000000000001c0d0       0xa4 _build/nrf51422_xxac_nrf_drv_gpiote.c.o
                0x000000000001c0d0                nrf_drv_gpiote_in_event_enable
 .text.nrf_drv_gpiote_in_is_set
                0x000000000001c174       0x14 _build/nrf51422_xxac_nrf_drv_gpiote.c.o
                0x000000000001c174                nrf_drv_gpiote_in_is_set
 .text.GPIOTE_IRQHandler
                0x000000000001c188      0x220 _build/nrf51422_xxac_nrf_drv_gpiote.c.o
                0x000000000001c188                GPIOTE_IRQHandler
 .text.UART0_IRQHandler
                0x000000000001c3a8      0x198 _build/nrf51422_xxac_nrf_drv_uart.c.o
                0x000000000001c3a8                UART0_IRQHandler
 .text.alert_timer_handler
                0x000000000001c540        0xc _build/nrf51422_xxac_bsp.c.o
 .text.bsp_button_event_handler
                0x000000000001c54c       0xb8 _build/nrf51422_xxac_bsp.c.o
 .text.leds_timer_handler
                0x000000000001c604      0x1ec _build/nrf51422_xxac_bsp.c.o
 .text.button_timer_handler
                0x000000000001c7f0       0x30 _build/nrf51422_xxac_bsp.c.o
 .text.bsp_indication_set
                0x000000000001c820      0x220 _build/nrf51422_xxac_bsp.c.o
                0x000000000001c820                bsp_indication_set
 .text.bsp_init
                0x000000000001ca40       0xa8 _build/nrf51422_xxac_bsp.c.o
                0x000000000001ca40                bsp_init
 .text.sd_ble_gap_adv_start
                0x000000000001cae8        0x4 _build/nrf51422_xxac_main.c.o
 .text.sd_app_evt_wait
                0x000000000001caec        0x4 _build/nrf51422_xxac_main.c.o
 .text.startup.main
                0x000000000001caf0       0xf8 _build/nrf51422_xxac_main.c.o
                0x000000000001caf0                main
 .text.sd_ble_gap_address_get
                0x000000000001cbe8        0x4 _build/nrf51422_xxac_ble_advdata.c.o
 .text.sd_ble_gap_adv_data_set
                0x000000000001cbec        0x4 _build/nrf51422_xxac_ble_advdata.c.o
 .text.sd_ble_gap_appearance_get
                0x000000000001cbf0        0x4 _build/nrf51422_xxac_ble_advdata.c.o
 .text.sd_ble_gap_device_name_get
                0x000000000001cbf4        0x4 _build/nrf51422_xxac_ble_advdata.c.o
 .text.sd_ble_uuid_encode
                0x000000000001cbf8        0x4 _build/nrf51422_xxac_ble_advdata.c.o
 .text.name_encode
                0x000000000001cbfc       0x8c _build/nrf51422_xxac_ble_advdata.c.o
 .text.uuid_list_sized_encode
                0x000000000001cc88       0xe8 _build/nrf51422_xxac_ble_advdata.c.o
 .text.adv_data_encode
                0x000000000001cd70      0x3ac _build/nrf51422_xxac_ble_advdata.c.o
                0x000000000001cd70                adv_data_encode
 .text.ble_advdata_set
                0x000000000001d11c      0x408 _build/nrf51422_xxac_ble_advdata.c.o
                0x000000000001d11c                ble_advdata_set
 .text          0x000000000001d524       0x4c _build/nrf51422_xxac_gcc_startup_nrf51.S.o
                0x000000000001d524                Reset_Handler
                0x000000000001d564                NMI_Handler
                0x000000000001d566                HardFault_Handler
                0x000000000001d568                SVC_Handler
                0x000000000001d56a                PendSV_Handler
                0x000000000001d56c                SysTick_Handler
                0x000000000001d56e                TEMP_IRQHandler
                0x000000000001d56e                QDEC_IRQHandler
                0x000000000001d56e                SWI5_IRQHandler
                0x000000000001d56e                TIMER0_IRQHandler
                0x000000000001d56e                TIMER1_IRQHandler
                0x000000000001d56e                ECB_IRQHandler
                0x000000000001d56e                Default_Handler
                0x000000000001d56e                ADC_IRQHandler
                0x000000000001d56e                SWI3_IRQHandler
                0x000000000001d56e                CCM_AAR_IRQHandler
                0x000000000001d56e                WDT_IRQHandler
                0x000000000001d56e                RNG_IRQHandler
                0x000000000001d56e                SPI1_TWI1_IRQHandler
                0x000000000001d56e                TIMER2_IRQHandler
                0x000000000001d56e                SWI1_IRQHandler
                0x000000000001d56e                SPI0_TWI0_IRQHandler
                0x000000000001d56e                RTC0_IRQHandler
                0x000000000001d56e                RADIO_IRQHandler
                0x000000000001d56e                LPCOMP_IRQHandler
                0x000000000001d56e                SWI4_IRQHandler
 .text.SystemInit
                0x000000000001d570       0xec _build/nrf51422_xxac_system_nrf51.c.o
                0x000000000001d570                SystemInit
 .text.sd_evt_get
                0x000000000001d65c        0x4 _build/nrf51422_xxac_softdevice_handler.c.o
 .text.sd_softdevice_enable
                0x000000000001d660        0x4 _build/nrf51422_xxac_softdevice_handler.c.o
 .text.sd_ble_enable
                0x000000000001d664        0x4 _build/nrf51422_xxac_softdevice_handler.c.o
 .text.sd_ble_evt_get
                0x000000000001d668        0x4 _build/nrf51422_xxac_softdevice_handler.c.o
 .text.softdevice_fault_handler
                0x000000000001d66c        0x8 _build/nrf51422_xxac_softdevice_handler.c.o
                0x000000000001d66c                softdevice_fault_handler
 .text.intern_softdevice_events_execute.part.1
                0x000000000001d674       0xcc _build/nrf51422_xxac_softdevice_handler.c.o
 .text.softdevice_handler_is_enabled
                0x000000000001d740        0xc _build/nrf51422_xxac_softdevice_handler.c.o
                0x000000000001d740                softdevice_handler_is_enabled
 .text.softdevice_handler_init
                0x000000000001d74c       0x9c _build/nrf51422_xxac_softdevice_handler.c.o
                0x000000000001d74c                softdevice_handler_init
 .text.SWI2_IRQHandler
                0x000000000001d7e8       0x30 _build/nrf51422_xxac_softdevice_handler.c.o
                0x000000000001d7e8                SWI2_IRQHandler
 .text.softdevice_enable_get_default_config
                0x000000000001d818       0x30 _build/nrf51422_xxac_softdevice_handler.c.o
                0x000000000001d818                softdevice_enable_get_default_config
 .text.softdevice_enable
                0x000000000001d848       0x1c _build/nrf51422_xxac_softdevice_handler.c.o
                0x000000000001d848                softdevice_enable
 .text          0x000000000001d864      0x120 /usr/local/gcc-arm-none-eabi-4_9-2015q1/bin/../lib/gcc/arm-none-eabi/4.9.3/armv6-m/libgcc.a(_udivsi3.o)
                0x000000000001d864                __udivsi3
                0x000000000001d864                __aeabi_uidiv
                0x000000000001d970                __aeabi_uidivmod
 .text          0x000000000001d984        0x4 /usr/local/gcc-arm-none-eabi-4_9-2015q1/bin/../lib/gcc/arm-none-eabi/4.9.3/armv6-m/libgcc.a(_dvmd_tls.o)
                0x000000000001d984                __aeabi_ldiv0
                0x000000000001d984                __aeabi_idiv0
 .text.memcpy   0x000000000001d988       0x12 /usr/local/gcc-arm-none-eabi-4_9-2015q1/bin/../lib/gcc/arm-none-eabi/4.9.3/../../../../arm-none-eabi/lib/armv6-m/libc_nano.a(lib_a-memcpy.o)
                0x000000000001d988                memcpy
 *(.init)
 *fill*         0x000000000001d99a        0x2 
 .init          0x000000000001d99c        0x4 /usr/local/gcc-arm-none-eabi-4_9-2015q1/bin/../lib/gcc/arm-none-eabi/4.9.3/armv6-m/crti.o
                0x000000000001d99c                _init
 .init          0x000000000001d9a0        0x8 /usr/local/gcc-arm-none-eabi-4_9-2015q1/bin/../lib/gcc/arm-none-eabi/4.9.3/armv6-m/crtn.o
 *(.fini)
 .fini          0x000000000001d9a8        0x4 /usr/local/gcc-arm-none-eabi-4_9-2015q1/bin/../lib/gcc/arm-none-eabi/4.9.3/armv6-m/crti.o
                0x000000000001d9a8                _fini
 .fini          0x000000000001d9ac        0x8 /usr/local/gcc-arm-none-eabi-4_9-2015q1/bin/../lib/gcc/arm-none-eabi/4.9.3/armv6-m/crtn.o
 *crtbegin.o(.ctors)
 *crtbegin?.o(.ctors)
 *(EXCLUDE_FILE(*crtend.o *crtend?.o) .ctors)
 *(SORT(.ctors.*))
 *(.ctors)
 *crtbegin.o(.dtors)
 *crtbegin?.o(.dtors)
 *(EXCLUDE_FILE(*crtend.o *crtend?.o) .dtors)
 *(SORT(.dtors.*))
 *(.dtors)
 *(.rodata*)
 .rodata.str1.1
                0x000000000001d9b4        0x2 /usr/local/gcc-arm-none-eabi-4_9-2015q1/bin/../lib/gcc/arm-none-eabi/4.9.3/../../../../arm-none-eabi/lib/armv6-m/libc_nano.a(lib_a-impure.o)
 *fill*         0x000000000001d9b6        0x2 
 .rodata._global_impure_ptr
                0x000000000001d9b8        0x4 /usr/local/gcc-arm-none-eabi-4_9-2015q1/bin/../lib/gcc/arm-none-eabi/4.9.3/../../../../arm-none-eabi/lib/armv6-m/libc_nano.a(lib_a-impure.o)
                0x000000000001d9b8                _global_impure_ptr
 .rodata.m_detection_delay_timer_id
                0x000000000001d9bc        0x4 _build/nrf51422_xxac_app_button.c.o
 .rodata.m_board_led_list
                0x000000000001d9c0        0x4 _build/nrf51422_xxac_boards.c.o
 .rodata.leds_timer_handler
                0x000000000001d9c4       0x60 _build/nrf51422_xxac_bsp.c.o
 .rodata.bsp_indication_set
                0x000000000001da24       0x60 _build/nrf51422_xxac_bsp.c.o
 .rodata.m_button_timer_id
                0x000000000001da84        0x4 _build/nrf51422_xxac_bsp.c.o
 .rodata.m_leds_timer_id
                0x000000000001da88        0x4 _build/nrf51422_xxac_bsp.c.o
 .rodata.app_buttons
                0x000000000001da8c       0x10 _build/nrf51422_xxac_bsp.c.o
 .rodata.m_alert_timer_id
                0x000000000001da9c        0x4 _build/nrf51422_xxac_bsp.c.o
 .rodata        0x000000000001daa0        0x4 _build/nrf51422_xxac_main.c.o
 *(.eh_frame*)
 .eh_frame      0x000000000001daa4        0x0 /usr/local/gcc-arm-none-eabi-4_9-2015q1/bin/../lib/gcc/arm-none-eabi/4.9.3/armv6-m/crtbegin.o
 .eh_frame      0x000000000001daa4        0x4 /usr/local/gcc-arm-none-eabi-4_9-2015q1/bin/../lib/gcc/arm-none-eabi/4.9.3/armv6-m/crtend.o

.glue_7         0x000000000001daa8        0x0
 .glue_7        0x0000000000000000        0x0 linker stubs

.glue_7t        0x000000000001daa8        0x0
 .glue_7t       0x0000000000000000        0x0 linker stubs

.vfp11_veneer   0x000000000001daa8        0x0
 .vfp11_veneer  0x0000000000000000        0x0 linker stubs

.v4_bx          0x000000000001daa8        0x0
 .v4_bx         0x0000000000000000        0x0 linker stubs

.iplt           0x000000000001daa8        0x0
 .iplt          0x0000000000000000        0x0 /usr/local/gcc-arm-none-eabi-4_9-2015q1/bin/../lib/gcc/arm-none-eabi/4.9.3/armv6-m/crtbegin.o

.ARM.extab
 *(.ARM.extab* .gnu.linkonce.armextab.*)
                0x000000000001daa8                __exidx_start = .

.ARM.exidx      0x000000000001daa8        0x8
 *(.ARM.exidx* .gnu.linkonce.armexidx.*)
 .ARM.exidx     0x000000000001daa8        0x8 /usr/local/gcc-arm-none-eabi-4_9-2015q1/bin/../lib/gcc/arm-none-eabi/4.9.3/../../../../arm-none-eabi/lib/armv6-m/crt0.o
                0x000000000001dab0                __exidx_end = .
                0x000000000001dab0                __etext = .

.rel.dyn        0x000000000001dab0        0x0
 .rel.iplt      0x0000000000000000        0x0 /usr/local/gcc-arm-none-eabi-4_9-2015q1/bin/../lib/gcc/arm-none-eabi/4.9.3/armv6-m/crtbegin.o

.data           0x0000000020001870       0x88 load address 0x000000000001dab0
                0x0000000020001870                __data_start__ = .
 *(vtable)
 *(.data*)
 .data.impure_data
                0x0000000020001870       0x60 /usr/local/gcc-arm-none-eabi-4_9-2015q1/bin/../lib/gcc/arm-none-eabi/4.9.3/../../../../arm-none-eabi/lib/armv6-m/libc_nano.a(lib_a-impure.o)
 .data.m_beacon_info
                0x00000000200018d0       0x18 _build/nrf51422_xxac_main.c.o
 .data.SystemCoreClock
                0x00000000200018e8        0x4 _build/nrf51422_xxac_system_nrf51.c.o
                0x00000000200018e8                SystemCoreClock
                0x00000000200018ec                . = ALIGN (0x4)
                0x00000000200018ec                PROVIDE (__preinit_array_start, .)
 *(.preinit_array)
                0x00000000200018ec                PROVIDE (__preinit_array_end, .)
                0x00000000200018ec                . = ALIGN (0x4)
                0x00000000200018ec                PROVIDE (__init_array_start, .)
 *(SORT(.init_array.*))
 *(.init_array)
 .init_array    0x00000000200018ec        0x4 /usr/local/gcc-arm-none-eabi-4_9-2015q1/bin/../lib/gcc/arm-none-eabi/4.9.3/armv6-m/crtbegin.o
                0x00000000200018f0                PROVIDE (__init_array_end, .)
                0x00000000200018f0                . = ALIGN (0x4)
                0x00000000200018f0                PROVIDE (__fini_array_start, .)
 *(SORT(.fini_array.*))
 *(.fini_array)
 .fini_array    0x00000000200018f0        0x4 /usr/local/gcc-arm-none-eabi-4_9-2015q1/bin/../lib/gcc/arm-none-eabi/4.9.3/armv6-m/crtbegin.o
                0x00000000200018f4                PROVIDE (__fini_array_end, .)
 *(.jcr*)
 .jcr           0x00000000200018f4        0x0 /usr/local/gcc-arm-none-eabi-4_9-2015q1/bin/../lib/gcc/arm-none-eabi/4.9.3/armv6-m/crtbegin.o
 .jcr           0x00000000200018f4        0x4 /usr/local/gcc-arm-none-eabi-4_9-2015q1/bin/../lib/gcc/arm-none-eabi/4.9.3/armv6-m/crtend.o
                0x00000000200018f8                . = ALIGN (0x4)
                0x00000000200018f8                __data_end__ = .
LOAD /usr/local/gcc-arm-none-eabi-4_9-2015q1/bin/../lib/gcc/arm-none-eabi/4.9.3/armv6-m/crti.o
LOAD /usr/local/gcc-arm-none-eabi-4_9-2015q1/bin/../lib/gcc/arm-none-eabi/4.9.3/armv6-m/crtbegin.o
LOAD /usr/local/gcc-arm-none-eabi-4_9-2015q1/bin/../lib/gcc/arm-none-eabi/4.9.3/../../../../arm-none-eabi/lib/armv6-m/crt0.o
LOAD /usr/local/gcc-arm-none-eabi-4_9-2015q1/bin/../lib/gcc/arm-none-eabi/4.9.3/../../../../arm-none-eabi/lib/armv6-m/libc_nano.a
LOAD /usr/local/gcc-arm-none-eabi-4_9-2015q1/bin/../lib/gcc/arm-none-eabi/4.9.3/../../../../arm-none-eabi/lib/armv6-m/libnosys.a
LOAD _build/nrf51422_xxac_nrf_log_backend_serial.c.o
LOAD _build/nrf51422_xxac_nrf_log_frontend.c.o
LOAD _build/nrf51422_xxac_app_button.c.o
LOAD _build/nrf51422_xxac_app_error.c.o
LOAD _build/nrf51422_xxac_app_error_weak.c.o
LOAD _build/nrf51422_xxac_app_timer.c.o
LOAD _build/nrf51422_xxac_app_util_platform.c.o
LOAD _build/nrf51422_xxac_hardfault_implementation.c.o
LOAD _build/nrf51422_xxac_nrf_assert.c.o
LOAD _build/nrf51422_xxac_sdk_errors.c.o
LOAD _build/nrf51422_xxac_boards.c.o
LOAD _build/nrf51422_xxac_nrf_drv_clock.c.o
LOAD _build/nrf51422_xxac_nrf_drv_common.c.o
LOAD _build/nrf51422_xxac_nrf_drv_gpiote.c.o
LOAD _build/nrf51422_xxac_nrf_drv_uart.c.o
LOAD _build/nrf51422_xxac_bsp.c.o
LOAD _build/nrf51422_xxac_bsp_nfc.c.o
LOAD _build/nrf51422_xxac_main.c.o
LOAD _build/nrf51422_xxac_RTT_Syscalls_GCC.c.o
LOAD _build/nrf51422_xxac_SEGGER_RTT.c.o
LOAD _build/nrf51422_xxac_SEGGER_RTT_printf.c.o
LOAD _build/nrf51422_xxac_ble_advdata.c.o
LOAD _build/nrf51422_xxac_ble_conn_params.c.o
LOAD _build/nrf51422_xxac_ble_srv_common.c.o
LOAD _build/nrf51422_xxac_gcc_startup_nrf51.S.o
LOAD _build/nrf51422_xxac_system_nrf51.c.o
LOAD _build/nrf51422_xxac_softdevice_handler.c.o
LOAD /usr/local/gcc-arm-none-eabi-4_9-2015q1/bin/../lib/gcc/arm-none-eabi/4.9.3/../../../../arm-none-eabi/lib/armv6-m/libm.a
START GROUP
LOAD /usr/local/gcc-arm-none-eabi-4_9-2015q1/bin/../lib/gcc/arm-none-eabi/4.9.3/armv6-m/libgcc.a
LOAD /usr/local/gcc-arm-none-eabi-4_9-2015q1/bin/../lib/gcc/arm-none-eabi/4.9.3/../../../../arm-none-eabi/lib/armv6-m/libc_nano.a
END GROUP
START GROUP
LOAD /usr/local/gcc-arm-none-eabi-4_9-2015q1/bin/../lib/gcc/arm-none-eabi/4.9.3/armv6-m/libgcc.a
LOAD /usr/local/gcc-arm-none-eabi-4_9-2015q1/bin/../lib/gcc/arm-none-eabi/4.9.3/../../../../arm-none-eabi/lib/armv6-m/libc_nano.a
END GROUP
LOAD /usr/local/gcc-arm-none-eabi-4_9-2015q1/bin/../lib/gcc/arm-none-eabi/4.9.3/armv6-m/crtend.o
LOAD /usr/local/gcc-arm-none-eabi-4_9-2015q1/bin/../lib/gcc/arm-none-eabi/4.9.3/armv6-m/crtn.o
START GROUP
LOAD /usr/local/gcc-arm-none-eabi-4_9-2015q1/bin/../lib/gcc/arm-none-eabi/4.9.3/armv6-m/libgcc.a
LOAD /usr/local/gcc-arm-none-eabi-4_9-2015q1/bin/../lib/gcc/arm-none-eabi/4.9.3/../../../../arm-none-eabi/lib/armv6-m/libc.a
LOAD /usr/local/gcc-arm-none-eabi-4_9-2015q1/bin/../lib/gcc/arm-none-eabi/4.9.3/../../../../arm-none-eabi/lib/armv6-m/libnosys.a
END GROUP

.igot.plt       0x00000000200018f8        0x0 load address 0x000000000001db38
 .igot.plt      0x0000000000000000        0x0 /usr/local/gcc-arm-none-eabi-4_9-2015q1/bin/../lib/gcc/arm-none-eabi/4.9.3/armv6-m/crtbegin.o

.fs_data        0x00000000200018f8        0x0
                0x00000000200018f8                PROVIDE (__start_fs_data, .)
 *(.fs_data)
                0x00000000200018f8                PROVIDE (__stop_fs_data, .)

.pwr_mgmt_data  0x00000000200018f8        0x0
                0x00000000200018f8                PROVIDE (__start_pwr_mgmt_data, .)
 *(.pwr_mgmt_data)
                0x00000000200018f8                PROVIDE (__stop_pwr_mgmt_data, .)

.bss            0x00000000200018f8      0x25c load address 0x000000000001db38
                0x00000000200018f8                . = ALIGN (0x4)
                0x00000000200018f8                __bss_start__ = .
 *(.bss*)
 .bss           0x00000000200018f8       0x1c /usr/local/gcc-arm-none-eabi-4_9-2015q1/bin/../lib/gcc/arm-none-eabi/4.9.3/armv6-m/crtbegin.o
 .bss.m_detection_delay
                0x0000000020001914        0x4 _build/nrf51422_xxac_app_button.c.o
 .bss.mp_buttons
                0x0000000020001918        0x4 _build/nrf51422_xxac_app_button.c.o
 .bss.m_button_count
                0x000000002000191c        0x1 _build/nrf51422_xxac_app_button.c.o
 *fill*         0x000000002000191d        0x3 
 .bss.m_detection_delay_timer_id_data
                0x0000000020001920       0x20 _build/nrf51422_xxac_app_button.c.o
 .bss.m_pin_state
                0x0000000020001940        0x4 _build/nrf51422_xxac_app_button.c.o
 .bss.m_pin_transition
                0x0000000020001944        0x4 _build/nrf51422_xxac_app_button.c.o
 .bss.m_ticks_latest
                0x0000000020001948        0x4 _build/nrf51422_xxac_app_timer.c.o
 .bss.mp_timer_id_head
                0x000000002000194c        0x4 _build/nrf51422_xxac_app_timer.c.o
 .bss.m_evt_schedule_func
                0x0000000020001950        0x4 _build/nrf51422_xxac_app_timer.c.o
 .bss.m_ticks_elapsed_q_read_ind
                0x0000000020001954        0x1 _build/nrf51422_xxac_app_timer.c.o
 .bss.m_ticks_elapsed_q_write_ind
                0x0000000020001955        0x1 _build/nrf51422_xxac_app_timer.c.o
 .bss.m_rtc1_reset
                0x0000000020001956        0x1 _build/nrf51422_xxac_app_timer.c.o
 *fill*         0x0000000020001957        0x1 
 .bss.m_op_queue
                0x0000000020001958        0x8 _build/nrf51422_xxac_app_timer.c.o
 .bss.m_ticks_elapsed
                0x0000000020001960        0x8 _build/nrf51422_xxac_app_timer.c.o
 .bss.m_rtc1_running
                0x0000000020001968        0x1 _build/nrf51422_xxac_app_timer.c.o
 *fill*         0x0000000020001969        0x3 
 .bss.m_clock_cb
                0x000000002000196c       0x14 _build/nrf51422_xxac_nrf_drv_clock.c.o
 .bss.m_cb      0x0000000020001980       0x48 _build/nrf51422_xxac_nrf_drv_gpiote.c.o
 .bss.m_cb      0x00000000200019c8       0x1c _build/nrf51422_xxac_nrf_drv_uart.c.o
 .bss.m_leds_timer_id_data
                0x00000000200019e4       0x20 _build/nrf51422_xxac_bsp.c.o
 .bss.m_indication_type
                0x0000000020001a04        0x4 _build/nrf51422_xxac_bsp.c.o
 .bss.current_long_push_pin_no.6108
                0x0000000020001a08        0x1 _build/nrf51422_xxac_bsp.c.o
 .bss.m_leds_clear
                0x0000000020001a09        0x1 _build/nrf51422_xxac_bsp.c.o
 .bss.m_stable_state
                0x0000000020001a0a        0x1 _build/nrf51422_xxac_bsp.c.o
 *fill*         0x0000000020001a0b        0x1 
 .bss.m_app_ticks_per_100ms
                0x0000000020001a0c        0x4 _build/nrf51422_xxac_bsp.c.o
 .bss.m_registered_callback
                0x0000000020001a10        0x4 _build/nrf51422_xxac_bsp.c.o
 .bss.m_button_timer_id_data
                0x0000000020001a14       0x20 _build/nrf51422_xxac_bsp.c.o
 .bss.release_event_at_push.6109
                0x0000000020001a34        0x4 _build/nrf51422_xxac_bsp.c.o
 .bss.m_alert_timer_id_data
                0x0000000020001a38       0x20 _build/nrf51422_xxac_bsp.c.o
 .bss.m_events_list
                0x0000000020001a58        0x8 _build/nrf51422_xxac_bsp.c.o
 .bss.BLE_EVT_BUFFER.7784
                0x0000000020001a60       0x48 _build/nrf51422_xxac_main.c.o
 .bss.APP_TIMER_BUF.7800
                0x0000000020001aa8       0x78 _build/nrf51422_xxac_main.c.o
 .bss.m_adv_params
                0x0000000020001b20       0x18 _build/nrf51422_xxac_main.c.o
 .bss.m_suspended
                0x0000000020001b38        0x1 _build/nrf51422_xxac_softdevice_handler.c.o
 .bss.m_softdevice_enabled
                0x0000000020001b39        0x1 _build/nrf51422_xxac_softdevice_handler.c.o
 .bss.m_ble_evt_buffer_size
                0x0000000020001b3a        0x2 _build/nrf51422_xxac_softdevice_handler.c.o
 .bss.mp_ble_evt_buffer
                0x0000000020001b3c        0x4 _build/nrf51422_xxac_softdevice_handler.c.o
 .bss.m_sys_evt_handler
                0x0000000020001b40        0x4 _build/nrf51422_xxac_softdevice_handler.c.o
 .bss.m_ble_evt_handler
                0x0000000020001b44        0x4 _build/nrf51422_xxac_softdevice_handler.c.o
 .bss.m_evt_schedule_func
                0x0000000020001b48        0x4 _build/nrf51422_xxac_softdevice_handler.c.o
 *(COMMON)
 COMMON         0x0000000020001b4c        0x8 _build/nrf51422_xxac_app_util_platform.c.o
                0x0000000020001b4c                nrf_nvic_state
                0x0000000020001b54                . = ALIGN (0x4)
                0x0000000020001b54                __bss_end__ = .

.heap           0x0000000020001b58      0x800
                0x0000000020001b58                __HeapBase = .
                0x0000000020001b58                __end__ = .
                0x0000000020001b58                PROVIDE (end, .)
 *(.heap*)
 .heap          0x0000000020001b58      0x800 _build/nrf51422_xxac_gcc_startup_nrf51.S.o
                0x0000000020002358                __HeapLimit = .

.stack_dummy    0x0000000020001b58      0x800
 *(.stack*)
 .stack         0x0000000020001b58      0x800 _build/nrf51422_xxac_gcc_startup_nrf51.S.o
                0x0000000020004000                __StackTop = (ORIGIN (RAM) + 0x2790)
                0x0000000020003800                __StackLimit = (__StackTop - SIZEOF (.stack_dummy))
                0x0000000020004000                PROVIDE (__stack, __StackTop)
                0x0000000000000001                ASSERT ((__StackLimit >= __HeapLimit), region RAM overflowed with stack)
OUTPUT(_build/nrf51422_xxac.out elf32-littlearm)

.ARM.attributes
                0x0000000000000000       0x28
 .ARM.attributes
                0x0000000000000000       0x1e /usr/local/gcc-arm-none-eabi-4_9-2015q1/bin/../lib/gcc/arm-none-eabi/4.9.3/armv6-m/crti.o
 .ARM.attributes
                0x000000000000001e       0x2c /usr/local/gcc-arm-none-eabi-4_9-2015q1/bin/../lib/gcc/arm-none-eabi/4.9.3/armv6-m/crtbegin.o
 .ARM.attributes
                0x000000000000004a       0x1b /usr/local/gcc-arm-none-eabi-4_9-2015q1/bin/../lib/gcc/arm-none-eabi/4.9.3/../../../../arm-none-eabi/lib/armv6-m/crt0.o
 .ARM.attributes
                0x0000000000000065       0x2c /usr/local/gcc-arm-none-eabi-4_9-2015q1/bin/../lib/gcc/arm-none-eabi/4.9.3/../../../../arm-none-eabi/lib/armv6-m/libc_nano.a(lib_a-exit.o)
 .ARM.attributes
                0x0000000000000091       0x2c /usr/local/gcc-arm-none-eabi-4_9-2015q1/bin/../lib/gcc/arm-none-eabi/4.9.3/../../../../arm-none-eabi/lib/armv6-m/libc_nano.a(lib_a-impure.o)
 .ARM.attributes
                0x00000000000000bd       0x2c /usr/local/gcc-arm-none-eabi-4_9-2015q1/bin/../lib/gcc/arm-none-eabi/4.9.3/../../../../arm-none-eabi/lib/armv6-m/libc_nano.a(lib_a-init.o)
 .ARM.attributes
                0x00000000000000e9       0x2c /usr/local/gcc-arm-none-eabi-4_9-2015q1/bin/../lib/gcc/arm-none-eabi/4.9.3/../../../../arm-none-eabi/lib/armv6-m/libc_nano.a(lib_a-memset.o)
 .ARM.attributes
                0x0000000000000115       0x2c /usr/local/gcc-arm-none-eabi-4_9-2015q1/bin/../lib/gcc/arm-none-eabi/4.9.3/../../../../arm-none-eabi/lib/armv6-m/libnosys.a(_exit.o)
 .ARM.attributes
                0x0000000000000141       0x31 _build/nrf51422_xxac_app_button.c.o
 .ARM.attributes
                0x0000000000000172       0x31 _build/nrf51422_xxac_app_error.c.o
 .ARM.attributes
                0x00000000000001a3       0x31 _build/nrf51422_xxac_app_error_weak.c.o
 .ARM.attributes
                0x00000000000001d4       0x31 _build/nrf51422_xxac_app_timer.c.o
 .ARM.attributes
                0x0000000000000205       0x31 _build/nrf51422_xxac_app_util_platform.c.o
 .ARM.attributes
                0x0000000000000236       0x31 _build/nrf51422_xxac_boards.c.o
 .ARM.attributes
                0x0000000000000267       0x31 _build/nrf51422_xxac_nrf_drv_clock.c.o
 .ARM.attributes
                0x0000000000000298       0x31 _build/nrf51422_xxac_nrf_drv_common.c.o
 .ARM.attributes
                0x00000000000002c9       0x31 _build/nrf51422_xxac_nrf_drv_gpiote.c.o
 .ARM.attributes
                0x00000000000002fa       0x31 _build/nrf51422_xxac_nrf_drv_uart.c.o
 .ARM.attributes
                0x000000000000032b       0x31 _build/nrf51422_xxac_bsp.c.o
 .ARM.attributes
                0x000000000000035c       0x31 _build/nrf51422_xxac_main.c.o
 .ARM.attributes
                0x000000000000038d       0x31 _build/nrf51422_xxac_ble_advdata.c.o
 .ARM.attributes
                0x00000000000003be       0x1b _build/nrf51422_xxac_gcc_startup_nrf51.S.o
 .ARM.attributes
                0x00000000000003d9       0x31 _build/nrf51422_xxac_system_nrf51.c.o
 .ARM.attributes
                0x000000000000040a       0x31 _build/nrf51422_xxac_softdevice_handler.c.o
 .ARM.attributes
                0x000000000000043b       0x1e /usr/local/gcc-arm-none-eabi-4_9-2015q1/bin/../lib/gcc/arm-none-eabi/4.9.3/armv6-m/libgcc.a(_udivsi3.o)
 .ARM.attributes
                0x0000000000000459       0x1e /usr/local/gcc-arm-none-eabi-4_9-2015q1/bin/../lib/gcc/arm-none-eabi/4.9.3/armv6-m/libgcc.a(_dvmd_tls.o)
 .ARM.attributes
                0x0000000000000477       0x2c /usr/local/gcc-arm-none-eabi-4_9-2015q1/bin/../lib/gcc/arm-none-eabi/4.9.3/../../../../arm-none-eabi/lib/armv6-m/libc_nano.a(lib_a-memcpy.o)
 .ARM.attributes
                0x00000000000004a3       0x2c /usr/local/gcc-arm-none-eabi-4_9-2015q1/bin/../lib/gcc/arm-none-eabi/4.9.3/armv6-m/crtend.o
 .ARM.attributes
                0x00000000000004cf       0x1e /usr/local/gcc-arm-none-eabi-4_9-2015q1/bin/../lib/gcc/arm-none-eabi/4.9.3/armv6-m/crtn.o

.comment        0x0000000000000000       0x70
 .comment       0x0000000000000000       0x70 _build/nrf51422_xxac_app_button.c.o
                                         0x71 (size before relaxing)
 .comment       0x0000000000000000       0x71 _build/nrf51422_xxac_app_error.c.o
 .comment       0x0000000000000000       0x71 _build/nrf51422_xxac_app_error_weak.c.o
 .comment       0x0000000000000000       0x71 _build/nrf51422_xxac_app_timer.c.o
 .comment       0x0000000000000000       0x71 _build/nrf51422_xxac_app_util_platform.c.o
 .comment       0x0000000000000000       0x71 _build/nrf51422_xxac_boards.c.o
 .comment       0x0000000000000000       0x71 _build/nrf51422_xxac_nrf_drv_clock.c.o
 .comment       0x0000000000000000       0x71 _build/nrf51422_xxac_nrf_drv_common.c.o
 .comment       0x0000000000000000       0x71 _build/nrf51422_xxac_nrf_drv_gpiote.c.o
 .comment       0x0000000000000000       0x71 _build/nrf51422_xxac_nrf_drv_uart.c.o
 .comment       0x0000000000000000       0x71 _build/nrf51422_xxac_bsp.c.o
 .comment       0x0000000000000000       0x71 _build/nrf51422_xxac_main.c.o
 .comment       0x0000000000000000       0x71 _build/nrf51422_xxac_ble_advdata.c.o
 .comment       0x0000000000000000       0x71 _build/nrf51422_xxac_system_nrf51.c.o
 .comment       0x0000000000000000       0x71 _build/nrf51422_xxac_softdevice_handler.c.o

.debug_frame    0x0000000000000000      0xe98
 .debug_frame   0x0000000000000000       0x28 /usr/local/gcc-arm-none-eabi-4_9-2015q1/bin/../lib/gcc/arm-none-eabi/4.9.3/../../../../arm-none-eabi/lib/armv6-m/libc_nano.a(lib_a-exit.o)
 .debug_frame   0x0000000000000028       0x2c /usr/local/gcc-arm-none-eabi-4_9-2015q1/bin/../lib/gcc/arm-none-eabi/4.9.3/../../../../arm-none-eabi/lib/armv6-m/libc_nano.a(lib_a-init.o)
 .debug_frame   0x0000000000000054       0x20 /usr/local/gcc-arm-none-eabi-4_9-2015q1/bin/../lib/gcc/arm-none-eabi/4.9.3/../../../../arm-none-eabi/lib/armv6-m/libc_nano.a(lib_a-memset.o)
 .debug_frame   0x0000000000000074       0x20 /usr/local/gcc-arm-none-eabi-4_9-2015q1/bin/../lib/gcc/arm-none-eabi/4.9.3/../../../../arm-none-eabi/lib/armv6-m/libnosys.a(_exit.o)
 .debug_frame   0x0000000000000094       0xd4 _build/nrf51422_xxac_app_button.c.o
 .debug_frame   0x0000000000000168       0x5c _build/nrf51422_xxac_app_error.c.o
 .debug_frame   0x00000000000001c4       0x20 _build/nrf51422_xxac_app_error_weak.c.o
 .debug_frame   0x00000000000001e4      0x138 _build/nrf51422_xxac_app_timer.c.o
 .debug_frame   0x000000000000031c       0x68 _build/nrf51422_xxac_app_util_platform.c.o
 .debug_frame   0x0000000000000384       0xe8 _build/nrf51422_xxac_boards.c.o
 .debug_frame   0x000000000000046c      0x1c0 _build/nrf51422_xxac_nrf_drv_clock.c.o
 .debug_frame   0x000000000000062c       0x40 _build/nrf51422_xxac_nrf_drv_common.c.o
 .debug_frame   0x000000000000066c      0x200 _build/nrf51422_xxac_nrf_drv_gpiote.c.o
 .debug_frame   0x000000000000086c      0x150 _build/nrf51422_xxac_nrf_drv_uart.c.o
 .debug_frame   0x00000000000009bc      0x144 _build/nrf51422_xxac_bsp.c.o
 .debug_frame   0x0000000000000b00       0x64 _build/nrf51422_xxac_main.c.o
 .debug_frame   0x0000000000000b64      0x104 _build/nrf51422_xxac_ble_advdata.c.o
 .debug_frame   0x0000000000000c68       0x30 _build/nrf51422_xxac_system_nrf51.c.o
 .debug_frame   0x0000000000000c98      0x1b8 _build/nrf51422_xxac_softdevice_handler.c.o
 .debug_frame   0x0000000000000e50       0x20 /usr/local/gcc-arm-none-eabi-4_9-2015q1/bin/../lib/gcc/arm-none-eabi/4.9.3/armv6-m/libgcc.a(_udivsi3.o)
 .debug_frame   0x0000000000000e70       0x28 /usr/local/gcc-arm-none-eabi-4_9-2015q1/bin/../lib/gcc/arm-none-eabi/4.9.3/../../../../arm-none-eabi/lib/armv6-m/libc_nano.a(lib_a-memcpy.o)

.debug_info     0x0000000000000000    0x10662
 .debug_info    0x0000000000000000      0x6a3 _build/nrf51422_xxac_app_button.c.o
 .debug_info    0x00000000000006a3      0x334 _build/nrf51422_xxac_app_error.c.o
 .debug_info    0x00000000000009d7      0x1f3 _build/nrf51422_xxac_app_error_weak.c.o
 .debug_info    0x0000000000000bca     0x1a2b _build/nrf51422_xxac_app_timer.c.o
 .debug_info    0x00000000000025f5      0x535 _build/nrf51422_xxac_app_util_platform.c.o
 .debug_info    0x0000000000002b2a      0xbba _build/nrf51422_xxac_boards.c.o
 .debug_info    0x00000000000036e4     0x1641 _build/nrf51422_xxac_nrf_drv_clock.c.o
 .debug_info    0x0000000000004d25      0x4fc _build/nrf51422_xxac_nrf_drv_common.c.o
 .debug_info    0x0000000000005221     0x24de _build/nrf51422_xxac_nrf_drv_gpiote.c.o
 .debug_info    0x00000000000076ff     0x2a90 _build/nrf51422_xxac_nrf_drv_uart.c.o
 .debug_info    0x000000000000a18f     0x12d5 _build/nrf51422_xxac_bsp.c.o
 .debug_info    0x000000000000b464     0x1210 _build/nrf51422_xxac_main.c.o
 .debug_info    0x000000000000c674     0x1acb _build/nrf51422_xxac_ble_advdata.c.o
 .debug_info    0x000000000000e13f      0x1dd _build/nrf51422_xxac_system_nrf51.c.o
 .debug_info    0x000000000000e31c     0x2346 _build/nrf51422_xxac_softdevice_handler.c.o

.debug_abbrev   0x0000000000000000     0x2c16
 .debug_abbrev  0x0000000000000000      0x1fb _build/nrf51422_xxac_app_button.c.o
 .debug_abbrev  0x00000000000001fb      0x130 _build/nrf51422_xxac_app_error.c.o
 .debug_abbrev  0x000000000000032b      0x108 _build/nrf51422_xxac_app_error_weak.c.o
 .debug_abbrev  0x0000000000000433      0x434 _build/nrf51422_xxac_app_timer.c.o
 .debug_abbrev  0x0000000000000867      0x213 _build/nrf51422_xxac_app_util_platform.c.o
 .debug_abbrev  0x0000000000000a7a      0x263 _build/nrf51422_xxac_boards.c.o
 .debug_abbrev  0x0000000000000cdd      0x4be _build/nrf51422_xxac_nrf_drv_clock.c.o
 .debug_abbrev  0x000000000000119b      0x1c9 _build/nrf51422_xxac_nrf_drv_common.c.o
 .debug_abbrev  0x0000000000001364      0x42f _build/nrf51422_xxac_nrf_drv_gpiote.c.o
 .debug_abbrev  0x0000000000001793      0x40a _build/nrf51422_xxac_nrf_drv_uart.c.o
 .debug_abbrev  0x0000000000001b9d      0x3c8 _build/nrf51422_xxac_bsp.c.o
 .debug_abbrev  0x0000000000001f65      0x2fb _build/nrf51422_xxac_main.c.o
 .debug_abbrev  0x0000000000002260      0x36a _build/nrf51422_xxac_ble_advdata.c.o
 .debug_abbrev  0x00000000000025ca       0xfe _build/nrf51422_xxac_system_nrf51.c.o
 .debug_abbrev  0x00000000000026c8      0x54e _build/nrf51422_xxac_softdevice_handler.c.o

.debug_loc      0x0000000000000000     0x796c
 .debug_loc     0x0000000000000000      0x3a2 _build/nrf51422_xxac_app_button.c.o
 .debug_loc     0x00000000000003a2      0x149 _build/nrf51422_xxac_app_error.c.o
 .debug_loc     0x00000000000004eb       0x21 _build/nrf51422_xxac_app_error_weak.c.o
 .debug_loc     0x000000000000050c      0xdff _build/nrf51422_xxac_app_timer.c.o
 .debug_loc     0x000000000000130b      0x65f _build/nrf51422_xxac_boards.c.o
 .debug_loc     0x000000000000196a      0x414 _build/nrf51422_xxac_nrf_drv_clock.c.o
 .debug_loc     0x0000000000001d7e       0xa2 _build/nrf51422_xxac_nrf_drv_common.c.o
 .debug_loc     0x0000000000001e20     0x199d _build/nrf51422_xxac_nrf_drv_gpiote.c.o
 .debug_loc     0x00000000000037bd     0x1832 _build/nrf51422_xxac_nrf_drv_uart.c.o
 .debug_loc     0x0000000000004fef      0xa9c _build/nrf51422_xxac_bsp.c.o
 .debug_loc     0x0000000000005a8b      0x174 _build/nrf51422_xxac_main.c.o
 .debug_loc     0x0000000000005bff     0x180c _build/nrf51422_xxac_ble_advdata.c.o
 .debug_loc     0x000000000000740b      0x561 _build/nrf51422_xxac_softdevice_handler.c.o

.debug_aranges  0x0000000000000000      0x5a8
 .debug_aranges
                0x0000000000000000       0x48 _build/nrf51422_xxac_app_button.c.o
 .debug_aranges
                0x0000000000000048       0x30 _build/nrf51422_xxac_app_error.c.o
 .debug_aranges
                0x0000000000000078       0x20 _build/nrf51422_xxac_app_error_weak.c.o
 .debug_aranges
                0x0000000000000098       0x68 _build/nrf51422_xxac_app_timer.c.o
 .debug_aranges
                0x0000000000000100       0x38 _build/nrf51422_xxac_app_util_platform.c.o
 .debug_aranges
                0x0000000000000138       0x80 _build/nrf51422_xxac_boards.c.o
 .debug_aranges
                0x00000000000001b8       0xb0 _build/nrf51422_xxac_nrf_drv_clock.c.o
 .debug_aranges
                0x0000000000000268       0x28 _build/nrf51422_xxac_nrf_drv_common.c.o
 .debug_aranges
                0x0000000000000290       0xb8 _build/nrf51422_xxac_nrf_drv_gpiote.c.o
 .debug_aranges
                0x0000000000000348       0x70 _build/nrf51422_xxac_nrf_drv_uart.c.o
 .debug_aranges
                0x00000000000003b8       0x78 _build/nrf51422_xxac_bsp.c.o
 .debug_aranges
                0x0000000000000430       0x38 _build/nrf51422_xxac_main.c.o
 .debug_aranges
                0x0000000000000468       0x60 _build/nrf51422_xxac_ble_advdata.c.o
 .debug_aranges
                0x00000000000004c8       0x28 _build/nrf51422_xxac_system_nrf51.c.o
 .debug_aranges
                0x00000000000004f0       0xb8 _build/nrf51422_xxac_softdevice_handler.c.o

.debug_ranges   0x0000000000000000     0x1eb8
 .debug_ranges  0x0000000000000000       0x98 _build/nrf51422_xxac_app_button.c.o
 .debug_ranges  0x0000000000000098       0x20 _build/nrf51422_xxac_app_error.c.o
 .debug_ranges  0x00000000000000b8       0x10 _build/nrf51422_xxac_app_error_weak.c.o
 .debug_ranges  0x00000000000000c8      0x550 _build/nrf51422_xxac_app_timer.c.o
 .debug_ranges  0x0000000000000618       0x40 _build/nrf51422_xxac_app_util_platform.c.o
 .debug_ranges  0x0000000000000658      0x130 _build/nrf51422_xxac_boards.c.o
 .debug_ranges  0x0000000000000788      0x310 _build/nrf51422_xxac_nrf_drv_clock.c.o
 .debug_ranges  0x0000000000000a98       0x48 _build/nrf51422_xxac_nrf_drv_common.c.o
 .debug_ranges  0x0000000000000ae0      0x860 _build/nrf51422_xxac_nrf_drv_gpiote.c.o
 .debug_ranges  0x0000000000001340      0x510 _build/nrf51422_xxac_nrf_drv_uart.c.o
 .debug_ranges  0x0000000000001850      0x100 _build/nrf51422_xxac_bsp.c.o
 .debug_ranges  0x0000000000001950       0x90 _build/nrf51422_xxac_main.c.o
 .debug_ranges  0x00000000000019e0      0x270 _build/nrf51422_xxac_ble_advdata.c.o
 .debug_ranges  0x0000000000001c50       0x78 _build/nrf51422_xxac_system_nrf51.c.o
 .debug_ranges  0x0000000000001cc8      0x1f0 _build/nrf51422_xxac_softdevice_handler.c.o

.debug_macro    0x0000000000000000     0x52ec
 .debug_macro   0x0000000000000000      0x2c9 _build/nrf51422_xxac_app_button.c.o
 .debug_macro   0x00000000000002c9       0x1c _build/nrf51422_xxac_app_button.c.o
 .debug_macro   0x00000000000002e5       0x10 _build/nrf51422_xxac_app_button.c.o
 .debug_macro   0x00000000000002f5       0x10 _build/nrf51422_xxac_app_button.c.o
 .debug_macro   0x0000000000000305       0x22 _build/nrf51422_xxac_app_button.c.o
 .debug_macro   0x0000000000000327       0xbd _build/nrf51422_xxac_app_button.c.o
 .debug_macro   0x00000000000003e4       0x16 _build/nrf51422_xxac_app_button.c.o
 .debug_macro   0x00000000000003fa      0x165 _build/nrf51422_xxac_app_button.c.o
 .debug_macro   0x000000000000055f       0x2b _build/nrf51422_xxac_app_button.c.o
 .debug_macro   0x000000000000058a      0x168 _build/nrf51422_xxac_app_button.c.o
 .debug_macro   0x00000000000006f2       0x10 _build/nrf51422_xxac_app_button.c.o
 .debug_macro   0x0000000000000702       0x16 _build/nrf51422_xxac_app_button.c.o
 .debug_macro   0x0000000000000718       0x22 _build/nrf51422_xxac_app_button.c.o
 .debug_macro   0x000000000000073a       0x16 _build/nrf51422_xxac_app_button.c.o
 .debug_macro   0x0000000000000750       0x1c _build/nrf51422_xxac_app_button.c.o
 .debug_macro   0x000000000000076c       0x35 _build/nrf51422_xxac_app_button.c.o
 .debug_macro   0x00000000000007a1       0x11 _build/nrf51422_xxac_app_button.c.o
 .debug_macro   0x00000000000007b2       0x2e _build/nrf51422_xxac_app_button.c.o
 .debug_macro   0x00000000000007e0      0x25e _build/nrf51422_xxac_app_error.c.o
 .debug_macro   0x0000000000000a3e       0x34 _build/nrf51422_xxac_app_error.c.o
 .debug_macro   0x0000000000000a72       0x22 _build/nrf51422_xxac_app_error.c.o
 .debug_macro   0x0000000000000a94       0x16 _build/nrf51422_xxac_app_error.c.o
 .debug_macro   0x0000000000000aaa       0x97 _build/nrf51422_xxac_app_error.c.o
 .debug_macro   0x0000000000000b41       0xef _build/nrf51422_xxac_app_error.c.o
 .debug_macro   0x0000000000000c30       0x22 _build/nrf51422_xxac_app_error.c.o
 .debug_macro   0x0000000000000c52       0x16 _build/nrf51422_xxac_app_error.c.o
 .debug_macro   0x0000000000000c68      0x39a _build/nrf51422_xxac_app_error.c.o
 .debug_macro   0x0000000000001002      0x16c _build/nrf51422_xxac_app_error.c.o
 .debug_macro   0x000000000000116e       0x59 _build/nrf51422_xxac_app_error.c.o
 .debug_macro   0x00000000000011c7       0x28 _build/nrf51422_xxac_app_error.c.o
 .debug_macro   0x00000000000011ef       0x22 _build/nrf51422_xxac_app_error.c.o
 .debug_macro   0x0000000000001211      0x25e _build/nrf51422_xxac_app_error_weak.c.o
 .debug_macro   0x000000000000146f       0x1c _build/nrf51422_xxac_app_error_weak.c.o
 .debug_macro   0x000000000000148b      0x2f4 _build/nrf51422_xxac_app_timer.c.o
 .debug_macro   0x000000000000177f       0x16 _build/nrf51422_xxac_app_timer.c.o
 .debug_macro   0x0000000000001795       0x40 _build/nrf51422_xxac_app_timer.c.o
 .debug_macro   0x00000000000017d5       0x64 _build/nrf51422_xxac_app_timer.c.o
 .debug_macro   0x0000000000001839       0x10 _build/nrf51422_xxac_app_timer.c.o
 .debug_macro   0x0000000000001849       0x22 _build/nrf51422_xxac_app_timer.c.o
 .debug_macro   0x000000000000186b       0x6f _build/nrf51422_xxac_app_timer.c.o
 .debug_macro   0x00000000000018da      0x231 _build/nrf51422_xxac_app_util_platform.c.o
 .debug_macro   0x0000000000001b0b      0x255 _build/nrf51422_xxac_boards.c.o
 .debug_macro   0x0000000000001d60       0x9a _build/nrf51422_xxac_boards.c.o
 .debug_macro   0x0000000000001dfa      0x115 _build/nrf51422_xxac_boards.c.o
 .debug_macro   0x0000000000001f0f      0x3ef _build/nrf51422_xxac_nrf_drv_clock.c.o
 .debug_macro   0x00000000000022fe       0x10 _build/nrf51422_xxac_nrf_drv_clock.c.o
 .debug_macro   0x000000000000230e       0x28 _build/nrf51422_xxac_nrf_drv_clock.c.o
 .debug_macro   0x0000000000002336       0x1c _build/nrf51422_xxac_nrf_drv_clock.c.o
 .debug_macro   0x0000000000002352       0x8f _build/nrf51422_xxac_nrf_drv_clock.c.o
 .debug_macro   0x00000000000023e1       0xd6 _build/nrf51422_xxac_nrf_drv_clock.c.o
 .debug_macro   0x00000000000024b7      0x1fb _build/nrf51422_xxac_nrf_drv_clock.c.o
 .debug_macro   0x00000000000026b2      0x3fa _build/nrf51422_xxac_nrf_drv_clock.c.o
 .debug_macro   0x0000000000002aac       0x40 _build/nrf51422_xxac_nrf_drv_clock.c.o
 .debug_macro   0x0000000000002aec       0x22 _build/nrf51422_xxac_nrf_drv_clock.c.o
 .debug_macro   0x0000000000002b0e      0x201 _build/nrf51422_xxac_nrf_drv_clock.c.o
 .debug_macro   0x0000000000002d0f       0x1c _build/nrf51422_xxac_nrf_drv_clock.c.o
 .debug_macro   0x0000000000002d2b       0xdb _build/nrf51422_xxac_nrf_drv_clock.c.o
 .debug_macro   0x0000000000002e06       0x24 _build/nrf51422_xxac_nrf_drv_clock.c.o
 .debug_macro   0x0000000000002e2a       0x16 _build/nrf51422_xxac_nrf_drv_clock.c.o
 .debug_macro   0x0000000000002e40       0x10 _build/nrf51422_xxac_nrf_drv_clock.c.o
 .debug_macro   0x0000000000002e50      0x18a _build/nrf51422_xxac_nrf_drv_clock.c.o
 .debug_macro   0x0000000000002fda       0x1c _build/nrf51422_xxac_nrf_drv_clock.c.o
 .debug_macro   0x0000000000002ff6       0x16 _build/nrf51422_xxac_nrf_drv_clock.c.o
 .debug_macro   0x000000000000300c      0x172 _build/nrf51422_xxac_nrf_drv_clock.c.o
 .debug_macro   0x000000000000317e      0x29b _build/nrf51422_xxac_nrf_drv_common.c.o
 .debug_macro   0x0000000000003419       0x22 _build/nrf51422_xxac_nrf_drv_common.c.o
 .debug_macro   0x000000000000343b      0x371 _build/nrf51422_xxac_nrf_drv_gpiote.c.o
 .debug_macro   0x00000000000037ac       0x16 _build/nrf51422_xxac_nrf_drv_gpiote.c.o
 .debug_macro   0x00000000000037c2      0x356 _build/nrf51422_xxac_nrf_drv_uart.c.o
 .debug_macro   0x0000000000003b18       0x10 _build/nrf51422_xxac_nrf_drv_uart.c.o
 .debug_macro   0x0000000000003b28       0x35 _build/nrf51422_xxac_nrf_drv_uart.c.o
 .debug_macro   0x0000000000003b5d      0x2a9 _build/nrf51422_xxac_bsp.c.o
 .debug_macro   0x0000000000003e06       0x16 _build/nrf51422_xxac_bsp.c.o
 .debug_macro   0x0000000000003e1c       0x1c _build/nrf51422_xxac_bsp.c.o
 .debug_macro   0x0000000000003e38      0x100 _build/nrf51422_xxac_bsp.c.o
 .debug_macro   0x0000000000003f38      0x43f _build/nrf51422_xxac_main.c.o
 .debug_macro   0x0000000000004377      0x3f4 _build/nrf51422_xxac_main.c.o
 .debug_macro   0x000000000000476b       0x3a _build/nrf51422_xxac_main.c.o
 .debug_macro   0x00000000000047a5       0x64 _build/nrf51422_xxac_main.c.o
 .debug_macro   0x0000000000004809       0x46 _build/nrf51422_xxac_main.c.o
 .debug_macro   0x000000000000484f       0x1c _build/nrf51422_xxac_main.c.o
 .debug_macro   0x000000000000486b       0x22 _build/nrf51422_xxac_main.c.o
 .debug_macro   0x000000000000488d       0x3b _build/nrf51422_xxac_main.c.o
 .debug_macro   0x00000000000048c8      0x26e _build/nrf51422_xxac_ble_advdata.c.o
 .debug_macro   0x0000000000004b36      0x2ce _build/nrf51422_xxac_ble_advdata.c.o
 .debug_macro   0x0000000000004e04       0xc7 _build/nrf51422_xxac_system_nrf51.c.o
 .debug_macro   0x0000000000004ecb      0x3c7 _build/nrf51422_xxac_softdevice_handler.c.o
 .debug_macro   0x0000000000005292       0x4a _build/nrf51422_xxac_softdevice_handler.c.o
 .debug_macro   0x00000000000052dc       0x10 _build/nrf51422_xxac_softdevice_handler.c.o

.debug_line     0x0000000000000000     0x7cc7
 .debug_line    0x0000000000000000      0x6d3 _build/nrf51422_xxac_app_button.c.o
 .debug_line    0x00000000000006d3      0x59a _build/nrf51422_xxac_app_error.c.o
 .debug_line    0x0000000000000c6d      0x55d _build/nrf51422_xxac_app_error_weak.c.o
 .debug_line    0x00000000000011ca      0xa61 _build/nrf51422_xxac_app_timer.c.o
 .debug_line    0x0000000000001c2b      0x540 _build/nrf51422_xxac_app_util_platform.c.o
 .debug_line    0x000000000000216b      0x6d6 _build/nrf51422_xxac_boards.c.o
 .debug_line    0x0000000000002841      0xb58 _build/nrf51422_xxac_nrf_drv_clock.c.o
 .debug_line    0x0000000000003399      0x5f0 _build/nrf51422_xxac_nrf_drv_common.c.o
 .debug_line    0x0000000000003989      0xe72 _build/nrf51422_xxac_nrf_drv_gpiote.c.o
 .debug_line    0x00000000000047fb      0xcb4 _build/nrf51422_xxac_nrf_drv_uart.c.o
 .debug_line    0x00000000000054af      0x8b0 _build/nrf51422_xxac_bsp.c.o
 .debug_line    0x0000000000005d5f      0x8fa _build/nrf51422_xxac_main.c.o
 .debug_line    0x0000000000006659      0x90d _build/nrf51422_xxac_ble_advdata.c.o
 .debug_line    0x0000000000006f66      0x313 _build/nrf51422_xxac_system_nrf51.c.o
 .debug_line    0x0000000000007279      0xa4e _build/nrf51422_xxac_softdevice_handler.c.o

.debug_str      0x0000000000000000    0x4323f
 .debug_str     0x0000000000000000    0x3280a _build/nrf51422_xxac_app_button.c.o
                                      0x32adf (size before relaxing)
 .debug_str     0x000000000003280a     0x1998 _build/nrf51422_xxac_app_error.c.o
                                      0x3329a (size before relaxing)
 .debug_str     0x00000000000341a2       0xae _build/nrf51422_xxac_app_error_weak.c.o
                                      0x331e7 (size before relaxing)
 .debug_str     0x0000000000034250     0x1562 _build/nrf51422_xxac_app_timer.c.o
                                      0x3346a (size before relaxing)
 .debug_str     0x00000000000357b2      0x129 _build/nrf51422_xxac_app_util_platform.c.o
                                      0x2f2db (size before relaxing)
 .debug_str     0x00000000000358db      0xe29 _build/nrf51422_xxac_boards.c.o
                                      0x2f895 (size before relaxing)
 .debug_str     0x0000000000036704     0x6abb _build/nrf51422_xxac_nrf_drv_clock.c.o
                                      0x3aa0b (size before relaxing)
 .debug_str     0x000000000003d1bf       0x5c _build/nrf51422_xxac_nrf_drv_common.c.o
                                      0x32b8f (size before relaxing)
 .debug_str     0x000000000003d21b      0xaa6 _build/nrf51422_xxac_nrf_drv_gpiote.c.o
                                      0x358d1 (size before relaxing)
 .debug_str     0x000000000003dcc1      0xe89 _build/nrf51422_xxac_nrf_drv_uart.c.o
                                      0x356fb (size before relaxing)
 .debug_str     0x000000000003eb4a     0x1025 _build/nrf51422_xxac_bsp.c.o
                                      0x33b56 (size before relaxing)
 .debug_str     0x000000000003fb6f      0xf7b _build/nrf51422_xxac_main.c.o
                                      0x3c087 (size before relaxing)
 .debug_str     0x0000000000040aea     0x1586 _build/nrf51422_xxac_ble_advdata.c.o
                                      0x36903 (size before relaxing)
 .debug_str     0x0000000000042070      0x120 _build/nrf51422_xxac_system_nrf51.c.o
                                      0x29b7a (size before relaxing)
 .debug_str     0x0000000000042190     0x10af _build/nrf51422_xxac_softdevice_handler.c.o
                                      0x3b078 (size before relaxing)
